   text	   data	    bss	    dec	    hex	filename
 0x90e4	 0x2208	  0x3b4	  46752	   b6a0	/home/nickw/Desktop/AIdeck_examples/GAP8/test_functionalities/wifi_jpeg_streamer/BUILD/GAP8_V2/GCC_RISCV/test
/home/nickw/Desktop/AIdeck_examples/GAP8/test_functionalities/wifi_jpeg_streamer/BUILD/GAP8_V2/GCC_RISCV/test:1b000c08 00000001 D camera_isAwaked	/home/nickw/gap_sdk/rtos/pulp/pulp-os/drivers_deprecated/camera/himax.c:150
/home/nickw/Desktop/AIdeck_examples/GAP8/test_functionalities/wifi_jpeg_streamer/BUILD/GAP8_V2/GCC_RISCV/test:00000388 00000001 D __rt_hyper_pending_emu_do_memcpy	/home/nickw/gap_sdk/rtos/pulp/pulp-os/drivers/hyper/hyperram-v1.c:53
/home/nickw/Desktop/AIdeck_examples/GAP8/test_functionalities/wifi_jpeg_streamer/BUILD/GAP8_V2/GCC_RISCV/test:1c002f40 00000002 T __camera_conf_init	/home/nickw/gap_sdk/rtos/pmsis/pmsis_bsp/camera/camera.c:43
/home/nickw/Desktop/AIdeck_examples/GAP8/test_functionalities/wifi_jpeg_streamer/BUILD/GAP8_V2/GCC_RISCV/test:1c003ba0 00000002 W illegal_insn_handler_c	/home/nickw/gap_sdk/rtos/pulp/pulp-os/kernel/irq.c:89
/home/nickw/Desktop/AIdeck_examples/GAP8/test_functionalities/wifi_jpeg_streamer/BUILD/GAP8_V2/GCC_RISCV/test:1c0034da 00000002 T __nina_w10_close	/home/nickw/gap_sdk/rtos/pmsis/pmsis_bsp/transport/nina_w10/nina_w10.c:316
/home/nickw/Desktop/AIdeck_examples/GAP8/test_functionalities/wifi_jpeg_streamer/BUILD/GAP8_V2/GCC_RISCV/test:1c004266 00000002 T pi_task_push_delayed_us	/home/nickw/gap_sdk/rtos/pulp/pulp-os/kernel/events.c:273
/home/nickw/Desktop/AIdeck_examples/GAP8/test_functionalities/wifi_jpeg_streamer/BUILD/GAP8_V2/GCC_RISCV/test:1c0044f2 00000002 T pi_time_wait_us	/home/nickw/gap_sdk/rtos/pulp/pulp-os/kernel/time.c:131
/home/nickw/Desktop/AIdeck_examples/GAP8/test_functionalities/wifi_jpeg_streamer/BUILD/GAP8_V2/GCC_RISCV/test:1c004d16 00000002 T __rt_fll_deinit	/home/nickw/gap_sdk/rtos/pulp/pulp-os/kernel/gap/pmu_driver.c:876
/home/nickw/Desktop/AIdeck_examples/GAP8/test_functionalities/wifi_jpeg_streamer/BUILD/GAP8_V2/GCC_RISCV/test:1c004d18 00000002 T __rt_flls_constructor	/home/nickw/gap_sdk/rtos/pulp/pulp-os/kernel/gap/pmu_driver.c:880
/home/nickw/Desktop/AIdeck_examples/GAP8/test_functionalities/wifi_jpeg_streamer/BUILD/GAP8_V2/GCC_RISCV/test:1c009af0 00000003 d ToHWDCDC_Pos	/home/nickw/gap_sdk/rtos/pulp/pulp-os/kernel/gap/pmu_driver.c:192
/home/nickw/Desktop/AIdeck_examples/GAP8/test_functionalities/wifi_jpeg_streamer/BUILD/GAP8_V2/GCC_RISCV/test:1c00a1dc 00000004 b __bsp_init_pads_done	/home/nickw/gap_sdk/rtos/pmsis/pmsis_bsp/bsp/ai_deck.c:28
/home/nickw/Desktop/AIdeck_examples/GAP8/test_functionalities/wifi_jpeg_streamer/BUILD/GAP8_V2/GCC_RISCV/test:1c00935c 00000004 d connection.13342
/home/nickw/Desktop/AIdeck_examples/GAP8/test_functionalities/wifi_jpeg_streamer/BUILD/GAP8_V2/GCC_RISCV/test:1c008a84 00000004 t ctor_list	/home/nickw/gap_sdk/rtos/pulp/pulp-os/kernel/init.c:29
/home/nickw/Desktop/AIdeck_examples/GAP8/test_functionalities/wifi_jpeg_streamer/BUILD/GAP8_V2/GCC_RISCV/test:1c008ad8 00000004 t dtor_list	/home/nickw/gap_sdk/rtos/pulp/pulp-os/kernel/init.c:30
/home/nickw/Desktop/AIdeck_examples/GAP8/test_functionalities/wifi_jpeg_streamer/BUILD/GAP8_V2/GCC_RISCV/test:1c00a230 00000004 B first_delayed
/home/nickw/Desktop/AIdeck_examples/GAP8/test_functionalities/wifi_jpeg_streamer/BUILD/GAP8_V2/GCC_RISCV/test:1c00a1c8 00000004 b imgBuff0	/home/nickw/Desktop/AIdeck_examples/GAP8/test_functionalities/wifi_jpeg_streamer/test.c:19
/home/nickw/Desktop/AIdeck_examples/GAP8/test_functionalities/wifi_jpeg_streamer/BUILD/GAP8_V2/GCC_RISCV/test:1c00a1cc 00000004 b led_val	/home/nickw/Desktop/AIdeck_examples/GAP8/test_functionalities/wifi_jpeg_streamer/test.c:174
/home/nickw/Desktop/AIdeck_examples/GAP8/test_functionalities/wifi_jpeg_streamer/BUILD/GAP8_V2/GCC_RISCV/test:1c0034d6 00000004 T __nina_w10_connect	/home/nickw/gap_sdk/rtos/pmsis/pmsis_bsp/transport/nina_w10/nina_w10.c:309
/home/nickw/Desktop/AIdeck_examples/GAP8/test_functionalities/wifi_jpeg_streamer/BUILD/GAP8_V2/GCC_RISCV/test:1c0034dc 00000004 T __nina_w10_receive_async	/home/nickw/gap_sdk/rtos/pmsis/pmsis_bsp/transport/nina_w10/nina_w10.c:354
/home/nickw/Desktop/AIdeck_examples/GAP8/test_functionalities/wifi_jpeg_streamer/BUILD/GAP8_V2/GCC_RISCV/test:1c0043fe 00000004 T pi_cl_l1_malloc	/home/nickw/gap_sdk/rtos/pulp/pulp-os/kernel/alloc.c:582
/home/nickw/Desktop/AIdeck_examples/GAP8/test_functionalities/wifi_jpeg_streamer/BUILD/GAP8_V2/GCC_RISCV/test:1c00a1e8 00000004 b __pi_hyper_cluster_reqs_first	/home/nickw/gap_sdk/rtos/pulp/pulp-os/drivers/hyper/hyperram-v1.c:62
/home/nickw/Desktop/AIdeck_examples/GAP8/test_functionalities/wifi_jpeg_streamer/BUILD/GAP8_V2/GCC_RISCV/test:1c003b50 00000004 T pi_open_from_conf	/home/nickw/gap_sdk/rtos/pulp/pulp-os/kernel/init.c:325
/home/nickw/Desktop/AIdeck_examples/GAP8/test_functionalities/wifi_jpeg_streamer/BUILD/GAP8_V2/GCC_RISCV/test:1c009af4 00000004 D PMURetentionState
/home/nickw/Desktop/AIdeck_examples/GAP8/test_functionalities/wifi_jpeg_streamer/BUILD/GAP8_V2/GCC_RISCV/test:000003a4 00000004 D pwmEventsStatus	/home/nickw/gap_sdk/rtos/pulp/pulp-os/drivers/pwm/pwm.c:9
/home/nickw/Desktop/AIdeck_examples/GAP8/test_functionalities/wifi_jpeg_streamer/BUILD/GAP8_V2/GCC_RISCV/test:1c009b00 00000004 d RetPMUStateToPMUState	/home/nickw/gap_sdk/rtos/pulp/pulp-os/kernel/gap/pmu_driver.c:185
/home/nickw/Desktop/AIdeck_examples/GAP8/test_functionalities/wifi_jpeg_streamer/BUILD/GAP8_V2/GCC_RISCV/test:1c00a22c 00000004 B __rt_alloc_fc_tcdm
/home/nickw/Desktop/AIdeck_examples/GAP8/test_functionalities/wifi_jpeg_streamer/BUILD/GAP8_V2/GCC_RISCV/test:1c00a224 00000004 B __rt_alloc_l1
/home/nickw/Desktop/AIdeck_examples/GAP8/test_functionalities/wifi_jpeg_streamer/BUILD/GAP8_V2/GCC_RISCV/test:1c00a228 00000004 B __rt_alloc_l2
/home/nickw/Desktop/AIdeck_examples/GAP8/test_functionalities/wifi_jpeg_streamer/BUILD/GAP8_V2/GCC_RISCV/test:00000014 00000004 d __rt_bridge_eeprom_handle	/home/nickw/gap_sdk/rtos/pulp/pulp-os/kernel/bridge.c:25
/home/nickw/Desktop/AIdeck_examples/GAP8/test_functionalities/wifi_jpeg_streamer/BUILD/GAP8_V2/GCC_RISCV/test:00000010 00000004 d __rt_bridge_flash_cs	/home/nickw/gap_sdk/rtos/pulp/pulp-os/kernel/bridge.c:29
/home/nickw/Desktop/AIdeck_examples/GAP8/test_functionalities/wifi_jpeg_streamer/BUILD/GAP8_V2/GCC_RISCV/test:00000004 00000004 d __rt_bridge_flash_handle	/home/nickw/gap_sdk/rtos/pulp/pulp-os/kernel/bridge.c:26
/home/nickw/Desktop/AIdeck_examples/GAP8/test_functionalities/wifi_jpeg_streamer/BUILD/GAP8_V2/GCC_RISCV/test:0000000c 00000004 d __rt_bridge_flash_itf	/home/nickw/gap_sdk/rtos/pulp/pulp-os/kernel/bridge.c:28
/home/nickw/Desktop/AIdeck_examples/GAP8/test_functionalities/wifi_jpeg_streamer/BUILD/GAP8_V2/GCC_RISCV/test:00000008 00000004 d __rt_bridge_flash_type	/home/nickw/gap_sdk/rtos/pulp/pulp-os/kernel/bridge.c:27
/home/nickw/Desktop/AIdeck_examples/GAP8/test_functionalities/wifi_jpeg_streamer/BUILD/GAP8_V2/GCC_RISCV/test:000003e0 00000004 D __rtc_handler	/home/nickw/gap_sdk/rtos/pulp/pulp-os/drivers_deprecated/dolphin/rtc.c:25
/home/nickw/Desktop/AIdeck_examples/GAP8/test_functionalities/wifi_jpeg_streamer/BUILD/GAP8_V2/GCC_RISCV/test:1000001c 00000004 D __rt_cluster_fc_task_lock	/home/nickw/gap_sdk/rtos/pulp/pulp-os/kernel/cluster.c:59
/home/nickw/Desktop/AIdeck_examples/GAP8/test_functionalities/wifi_jpeg_streamer/BUILD/GAP8_V2/GCC_RISCV/test:00000018 00000004 D __rt_cluster_nb_active_pe
/home/nickw/Desktop/AIdeck_examples/GAP8/test_functionalities/wifi_jpeg_streamer/BUILD/GAP8_V2/GCC_RISCV/test:1c00a240 00000004 B __rt_cluster_tasks	/home/nickw/gap_sdk/rtos/pulp/pulp-os/kernel/cluster.c:41
/home/nickw/Desktop/AIdeck_examples/GAP8/test_functionalities/wifi_jpeg_streamer/BUILD/GAP8_V2/GCC_RISCV/test:1b000bec 00000004 D __rt_debug_config
/home/nickw/Desktop/AIdeck_examples/GAP8/test_functionalities/wifi_jpeg_streamer/BUILD/GAP8_V2/GCC_RISCV/test:1b000be8 00000004 D __rt_debug_config_trace
/home/nickw/Desktop/AIdeck_examples/GAP8/test_functionalities/wifi_jpeg_streamer/BUILD/GAP8_V2/GCC_RISCV/test:00000014 00000004 D __rt_dma_first_pending
/home/nickw/Desktop/AIdeck_examples/GAP8/test_functionalities/wifi_jpeg_streamer/BUILD/GAP8_V2/GCC_RISCV/test:00000010 00000004 D __rt_dma_last_pending
/home/nickw/Desktop/AIdeck_examples/GAP8/test_functionalities/wifi_jpeg_streamer/BUILD/GAP8_V2/GCC_RISCV/test:1c00a1e4 00000004 b __rt_fc_cluster_device	/home/nickw/gap_sdk/rtos/pulp/pulp-os/kernel/pulpos_emu.c:25
/home/nickw/Desktop/AIdeck_examples/GAP8/test_functionalities/wifi_jpeg_streamer/BUILD/GAP8_V2/GCC_RISCV/test:1c00934c 00000004 V __rt_fc_stack_size	/home/nickw/gap_sdk/rtos/pulp/pulp-os/kernel/conf.c:36
/home/nickw/Desktop/AIdeck_examples/GAP8/test_functionalities/wifi_jpeg_streamer/BUILD/GAP8_V2/GCC_RISCV/test:00000018 00000004 D __rt_first_free
/home/nickw/Desktop/AIdeck_examples/GAP8/test_functionalities/wifi_jpeg_streamer/BUILD/GAP8_V2/GCC_RISCV/test:00000374 00000004 D __rt_hyper_current_task	/home/nickw/gap_sdk/rtos/pulp/pulp-os/drivers/hyper/hyperram-v1.c:27
/home/nickw/Desktop/AIdeck_examples/GAP8/test_functionalities/wifi_jpeg_streamer/BUILD/GAP8_V2/GCC_RISCV/test:00000370 00000004 D __rt_hyper_end_task	/home/nickw/gap_sdk/rtos/pulp/pulp-os/drivers/hyper/hyperram-v1.c:25
/home/nickw/Desktop/AIdeck_examples/GAP8/test_functionalities/wifi_jpeg_streamer/BUILD/GAP8_V2/GCC_RISCV/test:1c00a1ec 00000004 b __rt_hyper_open_count	/home/nickw/gap_sdk/rtos/pulp/pulp-os/drivers/hyper/hyperram-v1.c:65
/home/nickw/Desktop/AIdeck_examples/GAP8/test_functionalities/wifi_jpeg_streamer/BUILD/GAP8_V2/GCC_RISCV/test:00000364 00000004 D __rt_hyper_pending_addr	/home/nickw/gap_sdk/rtos/pulp/pulp-os/drivers/hyper/hyperram-v1.c:33
/home/nickw/Desktop/AIdeck_examples/GAP8/test_functionalities/wifi_jpeg_streamer/BUILD/GAP8_V2/GCC_RISCV/test:0000035c 00000004 D __rt_hyper_pending_base	/home/nickw/gap_sdk/rtos/pulp/pulp-os/drivers/hyper/hyperram-v1.c:31
/home/nickw/Desktop/AIdeck_examples/GAP8/test_functionalities/wifi_jpeg_streamer/BUILD/GAP8_V2/GCC_RISCV/test:00000380 00000004 D __rt_hyper_pending_emu_addr	/home/nickw/gap_sdk/rtos/pulp/pulp-os/drivers/hyper/hyperram-v1.c:48
/home/nickw/Desktop/AIdeck_examples/GAP8/test_functionalities/wifi_jpeg_streamer/BUILD/GAP8_V2/GCC_RISCV/test:00000378 00000004 D __rt_hyper_pending_emu_channel	/home/nickw/gap_sdk/rtos/pulp/pulp-os/drivers/hyper/hyperram-v1.c:46
/home/nickw/Desktop/AIdeck_examples/GAP8/test_functionalities/wifi_jpeg_streamer/BUILD/GAP8_V2/GCC_RISCV/test:0000037c 00000004 D __rt_hyper_pending_emu_hyper_addr	/home/nickw/gap_sdk/rtos/pulp/pulp-os/drivers/hyper/hyperram-v1.c:47
/home/nickw/Desktop/AIdeck_examples/GAP8/test_functionalities/wifi_jpeg_streamer/BUILD/GAP8_V2/GCC_RISCV/test:0000039c 00000004 D __rt_hyper_pending_emu_length	/home/nickw/gap_sdk/rtos/pulp/pulp-os/drivers/hyper/hyperram-v1.c:51
/home/nickw/Desktop/AIdeck_examples/GAP8/test_functionalities/wifi_jpeg_streamer/BUILD/GAP8_V2/GCC_RISCV/test:00000384 00000004 D __rt_hyper_pending_emu_size	/home/nickw/gap_sdk/rtos/pulp/pulp-os/drivers/hyper/hyperram-v1.c:49
/home/nickw/Desktop/AIdeck_examples/GAP8/test_functionalities/wifi_jpeg_streamer/BUILD/GAP8_V2/GCC_RISCV/test:00000398 00000004 D __rt_hyper_pending_emu_size_2d	/home/nickw/gap_sdk/rtos/pulp/pulp-os/drivers/hyper/hyperram-v1.c:50
/home/nickw/Desktop/AIdeck_examples/GAP8/test_functionalities/wifi_jpeg_streamer/BUILD/GAP8_V2/GCC_RISCV/test:000003a0 00000004 D __rt_hyper_pending_emu_stride	/home/nickw/gap_sdk/rtos/pulp/pulp-os/drivers/hyper/hyperram-v1.c:52
/home/nickw/Desktop/AIdeck_examples/GAP8/test_functionalities/wifi_jpeg_streamer/BUILD/GAP8_V2/GCC_RISCV/test:0000038c 00000004 D __rt_hyper_pending_emu_task	/home/nickw/gap_sdk/rtos/pulp/pulp-os/drivers/hyper/hyperram-v1.c:54
/home/nickw/Desktop/AIdeck_examples/GAP8/test_functionalities/wifi_jpeg_streamer/BUILD/GAP8_V2/GCC_RISCV/test:00000360 00000004 D __rt_hyper_pending_hyper_addr	/home/nickw/gap_sdk/rtos/pulp/pulp-os/drivers/hyper/hyperram-v1.c:32
/home/nickw/Desktop/AIdeck_examples/GAP8/test_functionalities/wifi_jpeg_streamer/BUILD/GAP8_V2/GCC_RISCV/test:00000368 00000004 D __rt_hyper_pending_repeat	/home/nickw/gap_sdk/rtos/pulp/pulp-os/drivers/hyper/hyperram-v1.c:34
/home/nickw/Desktop/AIdeck_examples/GAP8/test_functionalities/wifi_jpeg_streamer/BUILD/GAP8_V2/GCC_RISCV/test:0000036c 00000004 D __rt_hyper_pending_repeat_size	/home/nickw/gap_sdk/rtos/pulp/pulp-os/drivers/hyper/hyperram-v1.c:35
/home/nickw/Desktop/AIdeck_examples/GAP8/test_functionalities/wifi_jpeg_streamer/BUILD/GAP8_V2/GCC_RISCV/test:00000390 00000004 D __rt_hyper_pending_tasks	/home/nickw/gap_sdk/rtos/pulp/pulp-os/drivers/hyper/hyperram-v1.c:39
/home/nickw/Desktop/AIdeck_examples/GAP8/test_functionalities/wifi_jpeg_streamer/BUILD/GAP8_V2/GCC_RISCV/test:00000394 00000004 D __rt_hyper_pending_tasks_last	/home/nickw/gap_sdk/rtos/pulp/pulp-os/drivers/hyper/hyperram-v1.c:40
/home/nickw/Desktop/AIdeck_examples/GAP8/test_functionalities/wifi_jpeg_streamer/BUILD/GAP8_V2/GCC_RISCV/test:00000358 00000004 D __rt_hyper_udma_handle
/home/nickw/Desktop/AIdeck_examples/GAP8/test_functionalities/wifi_jpeg_streamer/BUILD/GAP8_V2/GCC_RISCV/test:1c00a1f0 00000004 b __rt_i2s_first	/home/nickw/gap_sdk/rtos/pulp/pulp-os/drivers_deprecated/i2s/i2s-v1.c:40
/home/nickw/Desktop/AIdeck_examples/GAP8/test_functionalities/wifi_jpeg_streamer/BUILD/GAP8_V2/GCC_RISCV/test:1c009350 00000004 V __rt_iodev
/home/nickw/Desktop/AIdeck_examples/GAP8/test_functionalities/wifi_jpeg_streamer/BUILD/GAP8_V2/GCC_RISCV/test:1c009354 00000004 V __rt_iodev_uart_baudrate
/home/nickw/Desktop/AIdeck_examples/GAP8/test_functionalities/wifi_jpeg_streamer/BUILD/GAP8_V2/GCC_RISCV/test:1c00a1d8 00000004 V __rt_iodev_uart_channel
/home/nickw/Desktop/AIdeck_examples/GAP8/test_functionalities/wifi_jpeg_streamer/BUILD/GAP8_V2/GCC_RISCV/test:1c00a1fc 00000004 b __rt_io_event_current	/home/nickw/gap_sdk/rtos/pulp/pulp-os/libs/io/io.c:40
/home/nickw/Desktop/AIdeck_examples/GAP8/test_functionalities/wifi_jpeg_streamer/BUILD/GAP8_V2/GCC_RISCV/test:1c00a200 00000004 b __rt_io_pending_flush	/home/nickw/gap_sdk/rtos/pulp/pulp-os/libs/io/io.c:50
/home/nickw/Desktop/AIdeck_examples/GAP8/test_functionalities/wifi_jpeg_streamer/BUILD/GAP8_V2/GCC_RISCV/test:1c00a208 00000004 b _rt_io_uart	/home/nickw/gap_sdk/rtos/pulp/pulp-os/libs/io/io.c:38
/home/nickw/Desktop/AIdeck_examples/GAP8/test_functionalities/wifi_jpeg_streamer/BUILD/GAP8_V2/GCC_RISCV/test:1c009358 00000004 V __rt_platform
/home/nickw/Desktop/AIdeck_examples/GAP8/test_functionalities/wifi_jpeg_streamer/BUILD/GAP8_V2/GCC_RISCV/test:1c00a204 00000004 b __rt_putc_host_buffer_index	/home/nickw/gap_sdk/rtos/pulp/pulp-os/libs/io/io.c:48
/home/nickw/Desktop/AIdeck_examples/GAP8/test_functionalities/wifi_jpeg_streamer/BUILD/GAP8_V2/GCC_RISCV/test:000003dc 00000004 D __rt_rtc_init_done	/home/nickw/gap_sdk/rtos/pulp/pulp-os/drivers_deprecated/dolphin/rtc.c:26
/home/nickw/Desktop/AIdeck_examples/GAP8/test_functionalities/wifi_jpeg_streamer/BUILD/GAP8_V2/GCC_RISCV/test:1c00a23c 00000004 B __rt_wakeup_use_fast	/home/nickw/gap_sdk/rtos/pulp/pulp-os/kernel/gap/pmu_driver.c:173
/home/nickw/Desktop/AIdeck_examples/GAP8/test_functionalities/wifi_jpeg_streamer/BUILD/GAP8_V2/GCC_RISCV/test:1c00a1d0 00000004 b stream_done	/home/nickw/Desktop/AIdeck_examples/GAP8/test_functionalities/wifi_jpeg_streamer/test.c:27
/home/nickw/Desktop/AIdeck_examples/GAP8/test_functionalities/wifi_jpeg_streamer/BUILD/GAP8_V2/GCC_RISCV/test:1c00a1d4 00000004 b streamer1	/home/nickw/Desktop/AIdeck_examples/GAP8/test_functionalities/wifi_jpeg_streamer/test.c:23
/home/nickw/Desktop/AIdeck_examples/GAP8/test_functionalities/wifi_jpeg_streamer/BUILD/GAP8_V2/GCC_RISCV/test:1c00a1e0 00000004 b timer_count	/home/nickw/gap_sdk/rtos/pulp/pulp-os/kernel/time.c:23
/home/nickw/Desktop/AIdeck_examples/GAP8/test_functionalities/wifi_jpeg_streamer/BUILD/GAP8_V2/GCC_RISCV/test:1c009360 00000004 d uart_value	/home/nickw/Desktop/AIdeck_examples/GAP8/test_functionalities/wifi_jpeg_streamer/test.c:30
/home/nickw/Desktop/AIdeck_examples/GAP8/test_functionalities/wifi_jpeg_streamer/BUILD/GAP8_V2/GCC_RISCV/test:1c004f0c 00000006 T pi_cluster_conf_init	/home/nickw/gap_sdk/rtos/pulp/pulp-os/kernel/cluster.c:337
/home/nickw/Desktop/AIdeck_examples/GAP8/test_functionalities/wifi_jpeg_streamer/BUILD/GAP8_V2/GCC_RISCV/test:1c0068fa 00000006 T pi_gpio_conf_init	/home/nickw/gap_sdk/rtos/pulp/pulp-os/drivers/gpio/gpio-v2.c:89
/home/nickw/Desktop/AIdeck_examples/GAP8/test_functionalities/wifi_jpeg_streamer/BUILD/GAP8_V2/GCC_RISCV/test:1c004d1a 00000006 T __rt_fll_set_freq	/home/nickw/gap_sdk/rtos/pulp/pulp-os/kernel/gap/pmu_driver.c:884
/home/nickw/Desktop/AIdeck_examples/GAP8/test_functionalities/wifi_jpeg_streamer/BUILD/GAP8_V2/GCC_RISCV/test:1c009ad8 00000007 d SystemStateToSCUFastSeq	/home/nickw/gap_sdk/rtos/pulp/pulp-os/kernel/gap/pmu_driver.c:176
/home/nickw/Desktop/AIdeck_examples/GAP8/test_functionalities/wifi_jpeg_streamer/BUILD/GAP8_V2/GCC_RISCV/test:1c009af8 00000008 D FllsFrequency
/home/nickw/Desktop/AIdeck_examples/GAP8/test_functionalities/wifi_jpeg_streamer/BUILD/GAP8_V2/GCC_RISCV/test:1c000636 00000008 T jpeg_encoder_process_status
/home/nickw/Desktop/AIdeck_examples/GAP8/test_functionalities/wifi_jpeg_streamer/BUILD/GAP8_V2/GCC_RISCV/test:1c00a234 00000008 B __rt_freq_domains
/home/nickw/Desktop/AIdeck_examples/GAP8/test_functionalities/wifi_jpeg_streamer/BUILD/GAP8_V2/GCC_RISCV/test:000002b0 00000008 D __rt_socevents_status
/home/nickw/Desktop/AIdeck_examples/GAP8/test_functionalities/wifi_jpeg_streamer/BUILD/GAP8_V2/GCC_RISCV/test:1c00a1f4 00000008 b __rt_spim_open_count	/home/nickw/gap_sdk/rtos/pulp/pulp-os/drivers_deprecated/spim/spim-v2.c:26
/home/nickw/Desktop/AIdeck_examples/GAP8/test_functionalities/wifi_jpeg_streamer/BUILD/GAP8_V2/GCC_RISCV/test:1c0079a2 00000008 T semihost_exit	/home/nickw/gap_sdk/rtos/pulp/pulp-os/libs/io/semihost.c:47
/home/nickw/Desktop/AIdeck_examples/GAP8/test_functionalities/wifi_jpeg_streamer/BUILD/GAP8_V2/GCC_RISCV/test:1c00799a 00000008 T semihost_write0	/home/nickw/gap_sdk/rtos/pulp/pulp-os/libs/io/semihost.c:6
/home/nickw/Desktop/AIdeck_examples/GAP8/test_functionalities/wifi_jpeg_streamer/BUILD/GAP8_V2/GCC_RISCV/test:1c007910 0000000a T abort	/home/nickw/gap_sdk/rtos/pulp/pulp-os/libs/io/io.c:739
/home/nickw/Desktop/AIdeck_examples/GAP8/test_functionalities/wifi_jpeg_streamer/BUILD/GAP8_V2/GCC_RISCV/test:1c003992 0000000a T bsp_nina_w10_conf_init	/home/nickw/gap_sdk/rtos/pmsis/pmsis_bsp/bsp/ai_deck.c:120
/home/nickw/Desktop/AIdeck_examples/GAP8/test_functionalities/wifi_jpeg_streamer/BUILD/GAP8_V2/GCC_RISCV/test:1c00062c 0000000a T gray_to_y
/home/nickw/Desktop/AIdeck_examples/GAP8/test_functionalities/wifi_jpeg_streamer/BUILD/GAP8_V2/GCC_RISCV/test:1c00303c 0000000a T __himax_capture_async	/home/nickw/gap_sdk/rtos/pmsis/pmsis_bsp/camera/himax/himax.c:475
/home/nickw/Desktop/AIdeck_examples/GAP8/test_functionalities/wifi_jpeg_streamer/BUILD/GAP8_V2/GCC_RISCV/test:1c004402 0000000a T pi_cl_l1_free	/home/nickw/gap_sdk/rtos/pulp/pulp-os/kernel/alloc.c:587
/home/nickw/Desktop/AIdeck_examples/GAP8/test_functionalities/wifi_jpeg_streamer/BUILD/GAP8_V2/GCC_RISCV/test:1c005384 0000000a T pi_cpi_conf_init	/home/nickw/gap_sdk/rtos/pulp/pulp-os/drivers/cpi/cpi-v1.c:29
/home/nickw/Desktop/AIdeck_examples/GAP8/test_functionalities/wifi_jpeg_streamer/BUILD/GAP8_V2/GCC_RISCV/test:1c007272 0000000a T __rt_himax_init	/home/nickw/gap_sdk/rtos/pulp/pulp-os/drivers_deprecated/camera/himax.c:400
/home/nickw/Desktop/AIdeck_examples/GAP8/test_functionalities/wifi_jpeg_streamer/BUILD/GAP8_V2/GCC_RISCV/test:1c009ed8 0000000c b camera	/home/nickw/Desktop/AIdeck_examples/GAP8/test_functionalities/wifi_jpeg_streamer/test.c:21
/home/nickw/Desktop/AIdeck_examples/GAP8/test_functionalities/wifi_jpeg_streamer/BUILD/GAP8_V2/GCC_RISCV/test:1c008be0 0000000c r __func__.13596
/home/nickw/Desktop/AIdeck_examples/GAP8/test_functionalities/wifi_jpeg_streamer/BUILD/GAP8_V2/GCC_RISCV/test:1c009ee4 0000000c b gpio_device	/home/nickw/Desktop/AIdeck_examples/GAP8/test_functionalities/wifi_jpeg_streamer/test.c:175
/home/nickw/Desktop/AIdeck_examples/GAP8/test_functionalities/wifi_jpeg_streamer/BUILD/GAP8_V2/GCC_RISCV/test:1c002f34 0000000c T pi_camera_open	/home/nickw/gap_sdk/rtos/pmsis/pmsis_bsp/camera/camera.c:24
/home/nickw/Desktop/AIdeck_examples/GAP8/test_functionalities/wifi_jpeg_streamer/BUILD/GAP8_V2/GCC_RISCV/test:1c00440c 0000000c T pi_l2_malloc	/home/nickw/gap_sdk/rtos/pulp/pulp-os/kernel/alloc.c:595
/home/nickw/Desktop/AIdeck_examples/GAP8/test_functionalities/wifi_jpeg_streamer/BUILD/GAP8_V2/GCC_RISCV/test:1c003924 0000000c T pi_nina_w10_conf_init	/home/nickw/gap_sdk/rtos/pmsis/pmsis_bsp/transport/nina_w10/nina_w10.c:371
/home/nickw/Desktop/AIdeck_examples/GAP8/test_functionalities/wifi_jpeg_streamer/BUILD/GAP8_V2/GCC_RISCV/test:00000004 0000000c D __rt_cluster_pool
/home/nickw/Desktop/AIdeck_examples/GAP8/test_functionalities/wifi_jpeg_streamer/BUILD/GAP8_V2/GCC_RISCV/test:1c006fe8 0000000c T __rt_padframe_init	/home/nickw/gap_sdk/rtos/pulp/pulp-os/drivers_deprecated/pads/pads-v1.c:58
/home/nickw/Desktop/AIdeck_examples/GAP8/test_functionalities/wifi_jpeg_streamer/BUILD/GAP8_V2/GCC_RISCV/test:1c007060 0000000c T __rt_udma_channel_reg_data	/home/nickw/gap_sdk/rtos/pulp/pulp-os/drivers/udma/udma-v2.c:100
/home/nickw/Desktop/AIdeck_examples/GAP8/test_functionalities/wifi_jpeg_streamer/BUILD/GAP8_V2/GCC_RISCV/test:1c00a218 0000000c B uart_conf	/home/nickw/Desktop/AIdeck_examples/GAP8/test_functionalities/wifi_jpeg_streamer/test.c:31
/home/nickw/Desktop/AIdeck_examples/GAP8/test_functionalities/wifi_jpeg_streamer/BUILD/GAP8_V2/GCC_RISCV/test:1c00a20c 0000000c B uart_device	/home/nickw/Desktop/AIdeck_examples/GAP8/test_functionalities/wifi_jpeg_streamer/test.c:32
/home/nickw/Desktop/AIdeck_examples/GAP8/test_functionalities/wifi_jpeg_streamer/BUILD/GAP8_V2/GCC_RISCV/test:1c009ff0 0000000c b wifi	/home/nickw/Desktop/AIdeck_examples/GAP8/test_functionalities/wifi_jpeg_streamer/test.c:22
/home/nickw/Desktop/AIdeck_examples/GAP8/test_functionalities/wifi_jpeg_streamer/BUILD/GAP8_V2/GCC_RISCV/test:1c008bec 0000000d r __func__.13600
/home/nickw/Desktop/AIdeck_examples/GAP8/test_functionalities/wifi_jpeg_streamer/BUILD/GAP8_V2/GCC_RISCV/test:1c003984 0000000e T bsp_himax_open
/home/nickw/Desktop/AIdeck_examples/GAP8/test_functionalities/wifi_jpeg_streamer/BUILD/GAP8_V2/GCC_RISCV/test:1c00798c 0000000e t __internal_semihost	/home/nickw/gap_sdk/rtos/pulp/pulp-os/libs/io/semihost.h:75
/home/nickw/Desktop/AIdeck_examples/GAP8/test_functionalities/wifi_jpeg_streamer/BUILD/GAP8_V2/GCC_RISCV/test:1c0008d8 0000000e T jpeg_encoder_conf_init	/home/nickw/gap_sdk/libs/gap_lib/jpeg/jpeg_encoder.c:471
/home/nickw/Desktop/AIdeck_examples/GAP8/test_functionalities/wifi_jpeg_streamer/BUILD/GAP8_V2/GCC_RISCV/test:1c00082a 0000000e T jpeg_encoder_process_async	/home/nickw/gap_sdk/libs/gap_lib/jpeg/jpeg_encoder.c:414
/home/nickw/Desktop/AIdeck_examples/GAP8/test_functionalities/wifi_jpeg_streamer/BUILD/GAP8_V2/GCC_RISCV/test:1c0008c8 0000000e T jpeg_encoder_stop	/home/nickw/gap_sdk/libs/gap_lib/jpeg/jpeg_encoder.c:459
/home/nickw/Desktop/AIdeck_examples/GAP8/test_functionalities/wifi_jpeg_streamer/BUILD/GAP8_V2/GCC_RISCV/test:1c006a4a 0000000e T pi_gpio_pin_notif_get	/home/nickw/gap_sdk/rtos/pulp/pulp-os/drivers/gpio/gpio-v2.c:230
/home/nickw/Desktop/AIdeck_examples/GAP8/test_functionalities/wifi_jpeg_streamer/BUILD/GAP8_V2/GCC_RISCV/test:1c004418 0000000e T pi_l2_free	/home/nickw/gap_sdk/rtos/pulp/pulp-os/kernel/alloc.c:600
/home/nickw/Desktop/AIdeck_examples/GAP8/test_functionalities/wifi_jpeg_streamer/BUILD/GAP8_V2/GCC_RISCV/test:1c00709a 0000000e T pi_pwm_conf_init	/home/nickw/gap_sdk/rtos/pulp/pulp-os/drivers/pwm/pwm-v1.c:46
/home/nickw/Desktop/AIdeck_examples/GAP8/test_functionalities/wifi_jpeg_streamer/BUILD/GAP8_V2/GCC_RISCV/test:1c0072b2 0000000e t __rt_io_end_of_flush	/home/nickw/gap_sdk/rtos/pulp/pulp-os/libs/io/io.c:366
/home/nickw/Desktop/AIdeck_examples/GAP8/test_functionalities/wifi_jpeg_streamer/BUILD/GAP8_V2/GCC_RISCV/test:1c007688 00000010 T memset	/home/nickw/gap_sdk/rtos/pulp/pulp-os/libs/io/io.c:150
/home/nickw/Desktop/AIdeck_examples/GAP8/test_functionalities/wifi_jpeg_streamer/BUILD/GAP8_V2/GCC_RISCV/test:1c009ae0 00000010 D PMUState
/home/nickw/Desktop/AIdeck_examples/GAP8/test_functionalities/wifi_jpeg_streamer/BUILD/GAP8_V2/GCC_RISCV/test:1b000c0c 00000010 d __rt_io_fc_lock	/home/nickw/gap_sdk/rtos/pulp/pulp-os/libs/io/io.c:35
/home/nickw/Desktop/AIdeck_examples/GAP8/test_functionalities/wifi_jpeg_streamer/BUILD/GAP8_V2/GCC_RISCV/test:1c009244 00000010 V __rt_padframe_default	/home/nickw/gap_sdk/rtos/pulp/pulp-os/drivers_deprecated/pads/pads-v1.c:28
/home/nickw/Desktop/AIdeck_examples/GAP8/test_functionalities/wifi_jpeg_streamer/BUILD/GAP8_V2/GCC_RISCV/test:1c009254 00000010 V __rt_padframe_hyper	/home/nickw/gap_sdk/rtos/pulp/pulp-os/drivers_deprecated/pads/pads-v1.c:30
/home/nickw/Desktop/AIdeck_examples/GAP8/test_functionalities/wifi_jpeg_streamer/BUILD/GAP8_V2/GCC_RISCV/test:1c009264 00000010 V __rt_padframe_hyper_gpio	/home/nickw/gap_sdk/rtos/pulp/pulp-os/drivers_deprecated/pads/pads-v1.c:32
/home/nickw/Desktop/AIdeck_examples/GAP8/test_functionalities/wifi_jpeg_streamer/BUILD/GAP8_V2/GCC_RISCV/test:1c00a1b8 00000010 b __rt_uart	/home/nickw/gap_sdk/rtos/pulp/pulp-os/drivers_deprecated/uart/uart.c:43
/home/nickw/Desktop/AIdeck_examples/GAP8/test_functionalities/wifi_jpeg_streamer/BUILD/GAP8_V2/GCC_RISCV/test:1c0086f8 00000010 T rt_uart_conf_init
/home/nickw/Desktop/AIdeck_examples/GAP8/test_functionalities/wifi_jpeg_streamer/BUILD/GAP8_V2/GCC_RISCV/test:1c008bfc 00000011 r __func__.13604
/home/nickw/Desktop/AIdeck_examples/GAP8/test_functionalities/wifi_jpeg_streamer/BUILD/GAP8_V2/GCC_RISCV/test:1c00344a 00000012 T pi_transport_connect	/home/nickw/gap_sdk/rtos/pmsis/pmsis_bsp/transport/transport.c:37
/home/nickw/Desktop/AIdeck_examples/GAP8/test_functionalities/wifi_jpeg_streamer/BUILD/GAP8_V2/GCC_RISCV/test:1c004254 00000012 T __rt_event_sched_init	/home/nickw/gap_sdk/rtos/pulp/pulp-os/kernel/events.c:264
/home/nickw/Desktop/AIdeck_examples/GAP8/test_functionalities/wifi_jpeg_streamer/BUILD/GAP8_V2/GCC_RISCV/test:1c004d04 00000012 T __rt_fll_init	/home/nickw/gap_sdk/rtos/pulp/pulp-os/kernel/gap/pmu_driver.c:871
/home/nickw/Desktop/AIdeck_examples/GAP8/test_functionalities/wifi_jpeg_streamer/BUILD/GAP8_V2/GCC_RISCV/test:1c00727c 00000012 T __rt_i2c_init	/home/nickw/gap_sdk/rtos/pulp/pulp-os/drivers_deprecated/i2c/i2c-v2.c:236
/home/nickw/Desktop/AIdeck_examples/GAP8/test_functionalities/wifi_jpeg_streamer/BUILD/GAP8_V2/GCC_RISCV/test:1c00728e 00000012 T __rt_rtc_init	/home/nickw/gap_sdk/rtos/pulp/pulp-os/drivers_deprecated/dolphin/rtc.c:414
/home/nickw/Desktop/AIdeck_examples/GAP8/test_functionalities/wifi_jpeg_streamer/BUILD/GAP8_V2/GCC_RISCV/test:1c0072a0 00000012 T __rt_spim_init	/home/nickw/gap_sdk/rtos/pulp/pulp-os/drivers_deprecated/spim/spim-v2.c:446
/home/nickw/Desktop/AIdeck_examples/GAP8/test_functionalities/wifi_jpeg_streamer/BUILD/GAP8_V2/GCC_RISCV/test:1c0009c8 00000014 T jpeg_encoder_footer	/home/nickw/gap_sdk/libs/gap_lib/jpeg/jpeg_encoder.c:565
/home/nickw/Desktop/AIdeck_examples/GAP8/test_functionalities/wifi_jpeg_streamer/BUILD/GAP8_V2/GCC_RISCV/test:1c009230 00000014 d nina_w10_api	/home/nickw/gap_sdk/rtos/pmsis/pmsis_bsp/transport/nina_w10/nina_w10.c:361
/home/nickw/Desktop/AIdeck_examples/GAP8/test_functionalities/wifi_jpeg_streamer/BUILD/GAP8_V2/GCC_RISCV/test:1c0057ce 00000014 T pi_i2c_conf_init	/home/nickw/gap_sdk/rtos/pulp/pulp-os/drivers/i2c/i2c-v2.c:300
/home/nickw/Desktop/AIdeck_examples/GAP8/test_functionalities/wifi_jpeg_streamer/BUILD/GAP8_V2/GCC_RISCV/test:1c005476 00000014 t __rt_cpi_init	/home/nickw/gap_sdk/rtos/pulp/pulp-os/drivers/cpi/cpi-v1.c:115
/home/nickw/Desktop/AIdeck_examples/GAP8/test_functionalities/wifi_jpeg_streamer/BUILD/GAP8_V2/GCC_RISCV/test:0000001c 00000014 D __rt_sched
/home/nickw/Desktop/AIdeck_examples/GAP8/test_functionalities/wifi_jpeg_streamer/BUILD/GAP8_V2/GCC_RISCV/test:1c0000a0 00000016 T frame_streamer_conf_init	/home/nickw/gap_sdk/tools/gap_tools/frame_streamer/frame_streamer.c:56
/home/nickw/Desktop/AIdeck_examples/GAP8/test_functionalities/wifi_jpeg_streamer/BUILD/GAP8_V2/GCC_RISCV/test:1c007672 00000016 T strlen	/home/nickw/gap_sdk/rtos/pulp/pulp-os/libs/io/io.c:124
/home/nickw/Desktop/AIdeck_examples/GAP8/test_functionalities/wifi_jpeg_streamer/BUILD/GAP8_V2/GCC_RISCV/test:1c00396c 00000018 T bsp_himax_conf_init	/home/nickw/gap_sdk/rtos/pmsis/pmsis_bsp/bsp/ai_deck.c:105
/home/nickw/Desktop/AIdeck_examples/GAP8/test_functionalities/wifi_jpeg_streamer/BUILD/GAP8_V2/GCC_RISCV/test:1b000bf0 00000018 d cbsys_first	/home/nickw/gap_sdk/rtos/pulp/pulp-os/kernel/utils.c:30
/home/nickw/Desktop/AIdeck_examples/GAP8/test_functionalities/wifi_jpeg_streamer/BUILD/GAP8_V2/GCC_RISCV/test:1c002fc8 00000018 T __himax_reg_set	/home/nickw/gap_sdk/rtos/pmsis/pmsis_bsp/camera/himax/himax.c:484
/home/nickw/Desktop/AIdeck_examples/GAP8/test_functionalities/wifi_jpeg_streamer/BUILD/GAP8_V2/GCC_RISCV/test:1c0034be 00000018 t __nina_w10_append_string	/home/nickw/gap_sdk/rtos/pmsis/pmsis_bsp/transport/nina_w10/nina_w10.c:112
/home/nickw/Desktop/AIdeck_examples/GAP8/test_functionalities/wifi_jpeg_streamer/BUILD/GAP8_V2/GCC_RISCV/test:1c006a32 00000018 T pi_gpio_pin_notif_clear	/home/nickw/gap_sdk/rtos/pulp/pulp-os/drivers/gpio/gpio-v2.c:221
/home/nickw/Desktop/AIdeck_examples/GAP8/test_functionalities/wifi_jpeg_streamer/BUILD/GAP8_V2/GCC_RISCV/test:1c00423c 00000018 T rt_event_wait	/home/nickw/gap_sdk/rtos/pulp/pulp-os/kernel/events.c:257
/home/nickw/Desktop/AIdeck_examples/GAP8/test_functionalities/wifi_jpeg_streamer/BUILD/GAP8_V2/GCC_RISCV/test:1c009274 00000018 V __rt_padframe_profiles
/home/nickw/Desktop/AIdeck_examples/GAP8/test_functionalities/wifi_jpeg_streamer/BUILD/GAP8_V2/GCC_RISCV/test:1c004426 00000018 t __rt_time_poweroff	/home/nickw/gap_sdk/rtos/pulp/pulp-os/kernel/time.c:28
/home/nickw/Desktop/AIdeck_examples/GAP8/test_functionalities/wifi_jpeg_streamer/BUILD/GAP8_V2/GCC_RISCV/test:1c00443e 00000018 t __rt_time_poweron	/home/nickw/gap_sdk/rtos/pulp/pulp-os/kernel/time.c:37
/home/nickw/Desktop/AIdeck_examples/GAP8/test_functionalities/wifi_jpeg_streamer/BUILD/GAP8_V2/GCC_RISCV/test:1c007048 00000018 T __rt_udma_channel_init	/home/nickw/gap_sdk/rtos/pulp/pulp-os/drivers/udma/udma-v2.c:89
/home/nickw/Desktop/AIdeck_examples/GAP8/test_functionalities/wifi_jpeg_streamer/BUILD/GAP8_V2/GCC_RISCV/test:1c0040c2 00000018 T __rt_wait_event_prepare_blocking	/home/nickw/gap_sdk/rtos/pulp/pulp-os/kernel/events.c:42
/home/nickw/Desktop/AIdeck_examples/GAP8/test_functionalities/wifi_jpeg_streamer/BUILD/GAP8_V2/GCC_RISCV/test:1c00785a 0000001a T fputc_locked
/home/nickw/Desktop/AIdeck_examples/GAP8/test_functionalities/wifi_jpeg_streamer/BUILD/GAP8_V2/GCC_RISCV/test:1c006e28 0000001a T pi_uart_conf_init	/home/nickw/gap_sdk/rtos/pulp/pulp-os/drivers/uart/uart.c:211
/home/nickw/Desktop/AIdeck_examples/GAP8/test_functionalities/wifi_jpeg_streamer/BUILD/GAP8_V2/GCC_RISCV/test:1c006f34 0000001a T pi_uart_read_async	/home/nickw/gap_sdk/rtos/pulp/pulp-os/drivers/uart/uart.c:464
/home/nickw/Desktop/AIdeck_examples/GAP8/test_functionalities/wifi_jpeg_streamer/BUILD/GAP8_V2/GCC_RISCV/test:1c00414e 0000001a T rt_event_get	/home/nickw/gap_sdk/rtos/pulp/pulp-os/kernel/events.c:105
/home/nickw/Desktop/AIdeck_examples/GAP8/test_functionalities/wifi_jpeg_streamer/BUILD/GAP8_V2/GCC_RISCV/test:1c0076ce 0000001a T strchr	/home/nickw/gap_sdk/rtos/pulp/pulp-os/libs/io/io.c:278
/home/nickw/Desktop/AIdeck_examples/GAP8/test_functionalities/wifi_jpeg_streamer/BUILD/GAP8_V2/GCC_RISCV/test:1c009214 0000001c d himax_api	/home/nickw/gap_sdk/rtos/pmsis/pmsis_bsp/camera/himax/himax.c:502
/home/nickw/Desktop/AIdeck_examples/GAP8/test_functionalities/wifi_jpeg_streamer/BUILD/GAP8_V2/GCC_RISCV/test:1c003e24 0000001c t __rt_event_enqueue	/home/nickw/gap_sdk/install/GAP8_V2/include/rt/rt_event.h:397
/home/nickw/Desktop/AIdeck_examples/GAP8/test_functionalities/wifi_jpeg_streamer/BUILD/GAP8_V2/GCC_RISCV/test:1c009144 0000001c D std_dc_luminance_huff	/home/nickw/gap_sdk/libs/gap_lib/jpeg/jpeg_encoder.c:31
/home/nickw/Desktop/AIdeck_examples/GAP8/test_functionalities/wifi_jpeg_streamer/BUILD/GAP8_V2/GCC_RISCV/test:1c005366 0000001e T pi_pad_init	/home/nickw/gap_sdk/rtos/pulp/pulp-os/drivers/pads/pads-v1.c:31
/home/nickw/Desktop/AIdeck_examples/GAP8/test_functionalities/wifi_jpeg_streamer/BUILD/GAP8_V2/GCC_RISCV/test:1c003fa0 0000001e T __rt_bridge_clear_notif	/home/nickw/gap_sdk/rtos/pulp/pulp-os/kernel/bridge.c:838
/home/nickw/Desktop/AIdeck_examples/GAP8/test_functionalities/wifi_jpeg_streamer/BUILD/GAP8_V2/GCC_RISCV/test:1c003f62 0000001e T __rt_bridge_set_available	/home/nickw/gap_sdk/rtos/pulp/pulp-os/kernel/bridge.c:725
/home/nickw/Desktop/AIdeck_examples/GAP8/test_functionalities/wifi_jpeg_streamer/BUILD/GAP8_V2/GCC_RISCV/test:1c009eb8 00000020 b buffer	/home/nickw/Desktop/AIdeck_examples/GAP8/test_functionalities/wifi_jpeg_streamer/test.c:25
/home/nickw/Desktop/AIdeck_examples/GAP8/test_functionalities/wifi_jpeg_streamer/BUILD/GAP8_V2/GCC_RISCV/test:1c002f42 00000020 t __himax_reg_write	/home/nickw/gap_sdk/rtos/pmsis/pmsis_bsp/camera/himax/himax.c:163
/home/nickw/Desktop/AIdeck_examples/GAP8/test_functionalities/wifi_jpeg_streamer/BUILD/GAP8_V2/GCC_RISCV/test:1c000886 00000020 T jpeg_encoder_open	/home/nickw/gap_sdk/libs/gap_lib/jpeg/jpeg_encoder.c:435
/home/nickw/Desktop/AIdeck_examples/GAP8/test_functionalities/wifi_jpeg_streamer/BUILD/GAP8_V2/GCC_RISCV/test:1c007a68 00000020 t _rlrshift	/home/nickw/gap_sdk/rtos/pulp/pulp-os/libs/io/prf.c:122
/home/nickw/Desktop/AIdeck_examples/GAP8/test_functionalities/wifi_jpeg_streamer/BUILD/GAP8_V2/GCC_RISCV/test:1c003e40 00000020 t __rt_bridge_check_bridge_req.part.5	/home/nickw/gap_sdk/rtos/pulp/pulp-os/kernel/bridge.c:638
/home/nickw/Desktop/AIdeck_examples/GAP8/test_functionalities/wifi_jpeg_streamer/BUILD/GAP8_V2/GCC_RISCV/test:1c003f80 00000020 T __rt_bridge_send_notif	/home/nickw/gap_sdk/rtos/pulp/pulp-os/kernel/bridge.c:821
/home/nickw/Desktop/AIdeck_examples/GAP8/test_functionalities/wifi_jpeg_streamer/BUILD/GAP8_V2/GCC_RISCV/test:1c00a028 00000020 b __rt_cpi	/home/nickw/gap_sdk/rtos/pulp/pulp-os/drivers/cpi/cpi-v1.c:23
/home/nickw/Desktop/AIdeck_examples/GAP8/test_functionalities/wifi_jpeg_streamer/BUILD/GAP8_V2/GCC_RISCV/test:1c0073aa 00000020 t rt_event_execute.isra.4.constprop.12	/home/nickw/gap_sdk/rtos/pulp/pulp-os/libs/io/io.c:795
/home/nickw/Desktop/AIdeck_examples/GAP8/test_functionalities/wifi_jpeg_streamer/BUILD/GAP8_V2/GCC_RISCV/test:1c009e18 00000020 d __rt_i2c	/home/nickw/gap_sdk/rtos/pulp/pulp-os/drivers_deprecated/i2c/i2c-v2.c:28
/home/nickw/Desktop/AIdeck_examples/GAP8/test_functionalities/wifi_jpeg_streamer/BUILD/GAP8_V2/GCC_RISCV/test:1c004268 00000020 T rt_user_alloc_init	/home/nickw/gap_sdk/rtos/pulp/pulp-os/kernel/alloc.c:193
/home/nickw/Desktop/AIdeck_examples/GAP8/test_functionalities/wifi_jpeg_streamer/BUILD/GAP8_V2/GCC_RISCV/test:1c003046 00000022 t __himax_standby
/home/nickw/Desktop/AIdeck_examples/GAP8/test_functionalities/wifi_jpeg_streamer/BUILD/GAP8_V2/GCC_RISCV/test:1c0008a6 00000022 T jpeg_encoder_start	/home/nickw/gap_sdk/libs/gap_lib/jpeg/jpeg_encoder.c:448
/home/nickw/Desktop/AIdeck_examples/GAP8/test_functionalities/wifi_jpeg_streamer/BUILD/GAP8_V2/GCC_RISCV/test:1c005694 00000022 T pi_i2c_read	/home/nickw/gap_sdk/rtos/pulp/pulp-os/drivers/i2c/i2c-v2.c:230
/home/nickw/Desktop/AIdeck_examples/GAP8/test_functionalities/wifi_jpeg_streamer/BUILD/GAP8_V2/GCC_RISCV/test:1c0055b6 00000022 T pi_i2c_write	/home/nickw/gap_sdk/rtos/pulp/pulp-os/drivers/i2c/i2c-v2.c:182
/home/nickw/Desktop/AIdeck_examples/GAP8/test_functionalities/wifi_jpeg_streamer/BUILD/GAP8_V2/GCC_RISCV/test:1c006308 00000022 t pos_spim_send_handle_misaligned	/home/nickw/gap_sdk/rtos/pulp/pulp-os/drivers/spi/spim-v2.c:1007
/home/nickw/Desktop/AIdeck_examples/GAP8/test_functionalities/wifi_jpeg_streamer/BUILD/GAP8_V2/GCC_RISCV/test:1c00434a 00000022 T __rt_alloc_init_l1	/home/nickw/gap_sdk/rtos/pulp/pulp-os/kernel/alloc.c:445
/home/nickw/Desktop/AIdeck_examples/GAP8/test_functionalities/wifi_jpeg_streamer/BUILD/GAP8_V2/GCC_RISCV/test:1c004168 00000022 T rt_event_get_blocking	/home/nickw/gap_sdk/rtos/pulp/pulp-os/kernel/events.c:127
/home/nickw/Desktop/AIdeck_examples/GAP8/test_functionalities/wifi_jpeg_streamer/BUILD/GAP8_V2/GCC_RISCV/test:1c0044d0 00000022 T rt_time_wait_us	/home/nickw/gap_sdk/rtos/pulp/pulp-os/kernel/time.c:124
/home/nickw/Desktop/AIdeck_examples/GAP8/test_functionalities/wifi_jpeg_streamer/BUILD/GAP8_V2/GCC_RISCV/test:1c006bf0 00000022 t __rt_uart_setfreq_after	/home/nickw/gap_sdk/rtos/pulp/pulp-os/drivers/uart/uart.c:312
/home/nickw/Desktop/AIdeck_examples/GAP8/test_functionalities/wifi_jpeg_streamer/BUILD/GAP8_V2/GCC_RISCV/test:1c008600 00000022 t __rt_uart_setfreq_after	/home/nickw/gap_sdk/rtos/pulp/pulp-os/drivers_deprecated/uart/uart.c:135
/home/nickw/Desktop/AIdeck_examples/GAP8/test_functionalities/wifi_jpeg_streamer/BUILD/GAP8_V2/GCC_RISCV/test:1c003d2e 00000022 T __rt_utils_init	/home/nickw/gap_sdk/rtos/pulp/pulp-os/kernel/utils.c:84
/home/nickw/Desktop/AIdeck_examples/GAP8/test_functionalities/wifi_jpeg_streamer/BUILD/GAP8_V2/GCC_RISCV/test:1c003068 00000024 t __himax_close	/home/nickw/gap_sdk/rtos/pmsis/pmsis_bsp/camera/himax/himax.c:423
/home/nickw/Desktop/AIdeck_examples/GAP8/test_functionalities/wifi_jpeg_streamer/BUILD/GAP8_V2/GCC_RISCV/test:1c00418a 00000024 T rt_event_push	/home/nickw/gap_sdk/rtos/pulp/pulp-os/kernel/events.c:139
/home/nickw/Desktop/AIdeck_examples/GAP8/test_functionalities/wifi_jpeg_streamer/BUILD/GAP8_V2/GCC_RISCV/test:1c0085dc 00000024 t __rt_uart_setup.isra.5	/home/nickw/gap_sdk/rtos/pulp/pulp-os/drivers_deprecated/uart/uart.c:222
/home/nickw/Desktop/AIdeck_examples/GAP8/test_functionalities/wifi_jpeg_streamer/BUILD/GAP8_V2/GCC_RISCV/test:1c00399c 00000026 t cluster_start	/home/nickw/gap_sdk/rtos/pulp/pulp-os/kernel/init.c:198
/home/nickw/Desktop/AIdeck_examples/GAP8/test_functionalities/wifi_jpeg_streamer/BUILD/GAP8_V2/GCC_RISCV/test:1c001bb8 00000026 T __jpeg_encoder_stop_cl	/home/nickw/gap_sdk/libs/gap_lib/jpeg/cluster.c:799
/home/nickw/Desktop/AIdeck_examples/GAP8/test_functionalities/wifi_jpeg_streamer/BUILD/GAP8_V2/GCC_RISCV/test:1c0067ec 00000026 T pi_spi_conf_init	/home/nickw/gap_sdk/rtos/pulp/pulp-os/drivers/spi/spim-v2.c:1361
/home/nickw/Desktop/AIdeck_examples/GAP8/test_functionalities/wifi_jpeg_streamer/BUILD/GAP8_V2/GCC_RISCV/test:1c0085b6 00000026 T __rt_uart_cluster_req_done	/home/nickw/gap_sdk/rtos/pulp/pulp-os/drivers_deprecated/uart/uart.c:253
/home/nickw/Desktop/AIdeck_examples/GAP8/test_functionalities/wifi_jpeg_streamer/BUILD/GAP8_V2/GCC_RISCV/test:1c00490e 00000026 t soc_eu_fcEventMask_setEvent	/home/nickw/gap_sdk/install/GAP8_V2/include/hal/soc_eu/soc_eu_v1.h:60
/home/nickw/Desktop/AIdeck_examples/GAP8/test_functionalities/wifi_jpeg_streamer/BUILD/GAP8_V2/GCC_RISCV/test:1c00548a 00000026 t soc_eu_fcEventMask_setEvent	/home/nickw/gap_sdk/install/GAP8_V2/include/hal/soc_eu/soc_eu_v1.h:60
/home/nickw/Desktop/AIdeck_examples/GAP8/test_functionalities/wifi_jpeg_streamer/BUILD/GAP8_V2/GCC_RISCV/test:1c0058e4 00000026 t soc_eu_fcEventMask_setEvent	/home/nickw/gap_sdk/install/GAP8_V2/include/hal/soc_eu/soc_eu_v1.h:60
/home/nickw/Desktop/AIdeck_examples/GAP8/test_functionalities/wifi_jpeg_streamer/BUILD/GAP8_V2/GCC_RISCV/test:1c0086d2 00000026 t soc_eu_fcEventMask_setEvent	/home/nickw/gap_sdk/install/GAP8_V2/include/hal/soc_eu/soc_eu_v1.h:60
/home/nickw/Desktop/AIdeck_examples/GAP8/test_functionalities/wifi_jpeg_streamer/BUILD/GAP8_V2/GCC_RISCV/test:1c00716e 00000028 t __pos_pwm_init	/home/nickw/gap_sdk/rtos/pulp/pulp-os/drivers/pwm/pwm-v1.c:185
/home/nickw/Desktop/AIdeck_examples/GAP8/test_functionalities/wifi_jpeg_streamer/BUILD/GAP8_V2/GCC_RISCV/test:1c007874 00000028 T _prf_locked	/home/nickw/gap_sdk/rtos/pulp/pulp-os/libs/io/io.c:626
/home/nickw/Desktop/AIdeck_examples/GAP8/test_functionalities/wifi_jpeg_streamer/BUILD/GAP8_V2/GCC_RISCV/test:1c00436c 00000028 T __rt_alloc_init_l1_for_fc	/home/nickw/gap_sdk/rtos/pulp/pulp-os/kernel/alloc.c:452
/home/nickw/Desktop/AIdeck_examples/GAP8/test_functionalities/wifi_jpeg_streamer/BUILD/GAP8_V2/GCC_RISCV/test:1c003b28 00000028 T __rt_deinit	/home/nickw/gap_sdk/rtos/pulp/pulp-os/kernel/init.c:163
/home/nickw/Desktop/AIdeck_examples/GAP8/test_functionalities/wifi_jpeg_streamer/BUILD/GAP8_V2/GCC_RISCV/test:1c00409a 00000028 T __rt_event_init	/home/nickw/gap_sdk/rtos/pulp/pulp-os/kernel/events.c:32
/home/nickw/Desktop/AIdeck_examples/GAP8/test_functionalities/wifi_jpeg_streamer/BUILD/GAP8_V2/GCC_RISCV/test:1c00a244 00000028 B __rt_fc_cluster_data
/home/nickw/Desktop/AIdeck_examples/GAP8/test_functionalities/wifi_jpeg_streamer/BUILD/GAP8_V2/GCC_RISCV/test:1c00764a 00000028 t __rt_io_stop	/home/nickw/gap_sdk/rtos/pulp/pulp-os/libs/io/io.c:769
/home/nickw/Desktop/AIdeck_examples/GAP8/test_functionalities/wifi_jpeg_streamer/BUILD/GAP8_V2/GCC_RISCV/test:1c006fc0 00000028 T rt_padframe_set	/home/nickw/gap_sdk/rtos/pulp/pulp-os/drivers_deprecated/pads/pads-v1.c:77
/home/nickw/Desktop/AIdeck_examples/GAP8/test_functionalities/wifi_jpeg_streamer/BUILD/GAP8_V2/GCC_RISCV/test:000002b8 00000028 D __rt_udma_extra_callback
/home/nickw/Desktop/AIdeck_examples/GAP8/test_functionalities/wifi_jpeg_streamer/BUILD/GAP8_V2/GCC_RISCV/test:000002e0 00000028 D __rt_udma_extra_callback_arg
/home/nickw/Desktop/AIdeck_examples/GAP8/test_functionalities/wifi_jpeg_streamer/BUILD/GAP8_V2/GCC_RISCV/test:1c002f9e 0000002a t __himax_set_qqvga	/home/nickw/gap_sdk/rtos/pmsis/pmsis_bsp/camera/himax/himax.c:214
/home/nickw/Desktop/AIdeck_examples/GAP8/test_functionalities/wifi_jpeg_streamer/BUILD/GAP8_V2/GCC_RISCV/test:1c003550 0000002a t __nina_w10_setup_resume	/home/nickw/gap_sdk/rtos/pmsis/pmsis_bsp/transport/nina_w10/nina_w10.c:135
/home/nickw/Desktop/AIdeck_examples/GAP8/test_functionalities/wifi_jpeg_streamer/BUILD/GAP8_V2/GCC_RISCV/test:1c0033c0 0000002a T pi_himax_conf_init	/home/nickw/gap_sdk/rtos/pmsis/pmsis_bsp/camera/himax/himax.c:512
/home/nickw/Desktop/AIdeck_examples/GAP8/test_functionalities/wifi_jpeg_streamer/BUILD/GAP8_V2/GCC_RISCV/test:1c0071ca 0000002a t __rt_i2s_setfreq_after	/home/nickw/gap_sdk/rtos/pulp/pulp-os/drivers_deprecated/i2s/i2s-v1.c:235
/home/nickw/Desktop/AIdeck_examples/GAP8/test_functionalities/wifi_jpeg_streamer/BUILD/GAP8_V2/GCC_RISCV/test:1c004212 0000002a T __rt_wait_event	/home/nickw/gap_sdk/rtos/pulp/pulp-os/kernel/events.c:247
/home/nickw/Desktop/AIdeck_examples/GAP8/test_functionalities/wifi_jpeg_streamer/BUILD/GAP8_V2/GCC_RISCV/test:1c00583a 0000002c t pos_spim_enqueue_to_pending_7	/home/nickw/gap_sdk/rtos/pulp/pulp-os/drivers/spi/spim-v2.c:323
/home/nickw/Desktop/AIdeck_examples/GAP8/test_functionalities/wifi_jpeg_streamer/BUILD/GAP8_V2/GCC_RISCV/test:1c0079aa 0000002c T printf	/home/nickw/gap_sdk/rtos/pulp/pulp-os/libs/io/fprintf.c:41
/home/nickw/Desktop/AIdeck_examples/GAP8/test_functionalities/wifi_jpeg_streamer/BUILD/GAP8_V2/GCC_RISCV/test:1c00782e 0000002c T puts	/home/nickw/gap_sdk/rtos/pulp/pulp-os/libs/io/io.c:576
/home/nickw/Desktop/AIdeck_examples/GAP8/test_functionalities/wifi_jpeg_streamer/BUILD/GAP8_V2/GCC_RISCV/test:1c000600 0000002c T rgb_to_yuv	/home/nickw/gap_sdk/libs/gap_lib/jpeg/jpeg_encoder.c:288
/home/nickw/Desktop/AIdeck_examples/GAP8/test_functionalities/wifi_jpeg_streamer/BUILD/GAP8_V2/GCC_RISCV/test:1c0071f4 0000002c t __rt_i2s_setfreq_before	/home/nickw/gap_sdk/rtos/pulp/pulp-os/drivers_deprecated/i2s/i2s-v1.c:219
/home/nickw/Desktop/AIdeck_examples/GAP8/test_functionalities/wifi_jpeg_streamer/BUILD/GAP8_V2/GCC_RISCV/test:1c009ffc 0000002c b __rt_pulpos_emu_global_cluster_task	/home/nickw/gap_sdk/rtos/pulp/pulp-os/kernel/pulpos_emu.c:26
/home/nickw/Desktop/AIdeck_examples/GAP8/test_functionalities/wifi_jpeg_streamer/BUILD/GAP8_V2/GCC_RISCV/test:1c006d9a 0000002c t __rt_uart_setfreq_before	/home/nickw/gap_sdk/rtos/pulp/pulp-os/drivers/uart/uart.c:279
/home/nickw/Desktop/AIdeck_examples/GAP8/test_functionalities/wifi_jpeg_streamer/BUILD/GAP8_V2/GCC_RISCV/test:1c008664 0000002c t __rt_uart_setfreq_before	/home/nickw/gap_sdk/rtos/pulp/pulp-os/drivers_deprecated/uart/uart.c:102
/home/nickw/Desktop/AIdeck_examples/GAP8/test_functionalities/wifi_jpeg_streamer/BUILD/GAP8_V2/GCC_RISCV/test:1c0048e2 0000002c t SetFllMultDivFactors
/home/nickw/Desktop/AIdeck_examples/GAP8/test_functionalities/wifi_jpeg_streamer/BUILD/GAP8_V2/GCC_RISCV/test:1c00341c 0000002e T pi_transport_open	/home/nickw/gap_sdk/rtos/pmsis/pmsis_bsp/transport/transport.c:24
/home/nickw/Desktop/AIdeck_examples/GAP8/test_functionalities/wifi_jpeg_streamer/BUILD/GAP8_V2/GCC_RISCV/test:1c003490 0000002e T pi_transport_send	/home/nickw/gap_sdk/rtos/pmsis/pmsis_bsp/transport/transport.c:67
/home/nickw/Desktop/AIdeck_examples/GAP8/test_functionalities/wifi_jpeg_streamer/BUILD/GAP8_V2/GCC_RISCV/test:1c006ca6 0000002e t __pi_uart_copy_enqueue_exec.isra.14	/home/nickw/gap_sdk/install/GAP8_V2/include/hal/udma/uart/udma_uart_v1.h:217
/home/nickw/Desktop/AIdeck_examples/GAP8/test_functionalities/wifi_jpeg_streamer/BUILD/GAP8_V2/GCC_RISCV/test:1c00431c 0000002e T rt_alloc
/home/nickw/Desktop/AIdeck_examples/GAP8/test_functionalities/wifi_jpeg_streamer/BUILD/GAP8_V2/GCC_RISCV/test:1c00706c 0000002e t __rt_hyper_init	/home/nickw/gap_sdk/rtos/pulp/pulp-os/drivers/hyper/hyperram-v1.c:995
/home/nickw/Desktop/AIdeck_examples/GAP8/test_functionalities/wifi_jpeg_streamer/BUILD/GAP8_V2/GCC_RISCV/test:1c009da4 00000030 d pos_spim_l2	/home/nickw/gap_sdk/rtos/pulp/pulp-os/drivers/spi/spim-v2.c:33
/home/nickw/Desktop/AIdeck_examples/GAP8/test_functionalities/wifi_jpeg_streamer/BUILD/GAP8_V2/GCC_RISCV/test:1c003cfe 00000030 T __rt_cbsys_exec	/home/nickw/gap_sdk/rtos/pulp/pulp-os/kernel/utils.c:71
/home/nickw/Desktop/AIdeck_examples/GAP8/test_functionalities/wifi_jpeg_streamer/BUILD/GAP8_V2/GCC_RISCV/test:1c004fea 00000032 T pi_cluster_close	/home/nickw/gap_sdk/rtos/pulp/pulp-os/kernel/cluster.c:370
/home/nickw/Desktop/AIdeck_examples/GAP8/test_functionalities/wifi_jpeg_streamer/BUILD/GAP8_V2/GCC_RISCV/test:1c006964 00000032 T pi_gpio_pin_write	/home/nickw/gap_sdk/rtos/pulp/pulp-os/drivers/gpio/gpio-v2.c:158
/home/nickw/Desktop/AIdeck_examples/GAP8/test_functionalities/wifi_jpeg_streamer/BUILD/GAP8_V2/GCC_RISCV/test:1c0033ea 00000032 t pi_task_wait_on.isra.3	/home/nickw/gap_sdk/rtos/pmsis/pmsis_bsp/include/bsp/transport.h:77
/home/nickw/Desktop/AIdeck_examples/GAP8/test_functionalities/wifi_jpeg_streamer/BUILD/GAP8_V2/GCC_RISCV/test:1c0054b0 00000032 t pi_task_wait_on.isra.3	/home/nickw/gap_sdk/install/GAP8_V2/include/hal/soc_eu/soc_eu_v1.h:55
/home/nickw/Desktop/AIdeck_examples/GAP8/test_functionalities/wifi_jpeg_streamer/BUILD/GAP8_V2/GCC_RISCV/test:1c003d50 00000032 T __rt_fc_lock	/home/nickw/gap_sdk/rtos/pulp/pulp-os/kernel/utils.c:92
/home/nickw/Desktop/AIdeck_examples/GAP8/test_functionalities/wifi_jpeg_streamer/BUILD/GAP8_V2/GCC_RISCV/test:000003a8 00000034 D dev_rtc	/home/nickw/gap_sdk/rtos/pulp/pulp-os/drivers_deprecated/dolphin/rtc.c:24
/home/nickw/Desktop/AIdeck_examples/GAP8/test_functionalities/wifi_jpeg_streamer/BUILD/GAP8_V2/GCC_RISCV/test:1c007acc 00000034 t _get_digit	/home/nickw/gap_sdk/rtos/pulp/pulp-os/libs/io/prf.c:167
/home/nickw/Desktop/AIdeck_examples/GAP8/test_functionalities/wifi_jpeg_streamer/BUILD/GAP8_V2/GCC_RISCV/test:1c005332 00000034 T pi_pad_set_function	/home/nickw/gap_sdk/rtos/pulp/pulp-os/drivers/pads/pads-v1.c:24
/home/nickw/Desktop/AIdeck_examples/GAP8/test_functionalities/wifi_jpeg_streamer/BUILD/GAP8_V2/GCC_RISCV/test:1c00713a 00000034 T pi_pwm_ioctl	/home/nickw/gap_sdk/rtos/pulp/pulp-os/drivers/pwm/pwm-v1.c:108
/home/nickw/Desktop/AIdeck_examples/GAP8/test_functionalities/wifi_jpeg_streamer/BUILD/GAP8_V2/GCC_RISCV/test:1c00345c 00000034 T pi_transport_send_header	/home/nickw/gap_sdk/rtos/pmsis/pmsis_bsp/transport/transport.c:56
/home/nickw/Desktop/AIdeck_examples/GAP8/test_functionalities/wifi_jpeg_streamer/BUILD/GAP8_V2/GCC_RISCV/test:1c00632a 00000034 t pos_spim_send_handle_misaligned_2d	/home/nickw/gap_sdk/rtos/pulp/pulp-os/drivers/spi/spim-v2.c:1022
/home/nickw/Desktop/AIdeck_examples/GAP8/test_functionalities/wifi_jpeg_streamer/BUILD/GAP8_V2/GCC_RISCV/test:1c004066 00000034 T __rt_bridge_init	/home/nickw/gap_sdk/rtos/pulp/pulp-os/kernel/bridge.c:851
/home/nickw/Desktop/AIdeck_examples/GAP8/test_functionalities/wifi_jpeg_streamer/BUILD/GAP8_V2/GCC_RISCV/test:1c003d82 00000034 T __rt_fc_unlock	/home/nickw/gap_sdk/rtos/pulp/pulp-os/kernel/utils.c:127
/home/nickw/Desktop/AIdeck_examples/GAP8/test_functionalities/wifi_jpeg_streamer/BUILD/GAP8_V2/GCC_RISCV/test:1c007196 00000034 t __rt_i2s_resume	/home/nickw/gap_sdk/rtos/pulp/pulp-os/drivers_deprecated/i2s/i2s-v1.c:186
/home/nickw/Desktop/AIdeck_examples/GAP8/test_functionalities/wifi_jpeg_streamer/BUILD/GAP8_V2/GCC_RISCV/test:1c00743a 00000034 t __rt_putc_host_cluster_req	/home/nickw/gap_sdk/rtos/pulp/pulp-os/libs/io/io.c:451
/home/nickw/Desktop/AIdeck_examples/GAP8/test_functionalities/wifi_jpeg_streamer/BUILD/GAP8_V2/GCC_RISCV/test:1c0087e4 00000034 T rt_uart_cluster_write	/home/nickw/gap_sdk/rtos/pulp/pulp-os/drivers_deprecated/uart/uart.c:277
/home/nickw/Desktop/AIdeck_examples/GAP8/test_functionalities/wifi_jpeg_streamer/BUILD/GAP8_V2/GCC_RISCV/test:1c007698 00000036 T memcpy	/home/nickw/gap_sdk/rtos/pulp/pulp-os/libs/io/io.c:159
/home/nickw/Desktop/AIdeck_examples/GAP8/test_functionalities/wifi_jpeg_streamer/BUILD/GAP8_V2/GCC_RISCV/test:1c005440 00000036 T pi_cpi_capture_async	/home/nickw/gap_sdk/rtos/pulp/pulp-os/drivers/cpi/cpi-v1.c:102
/home/nickw/Desktop/AIdeck_examples/GAP8/test_functionalities/wifi_jpeg_streamer/BUILD/GAP8_V2/GCC_RISCV/test:1c006aa8 00000036 T pi_gpio_pin_configure	/home/nickw/gap_sdk/rtos/pulp/pulp-os/drivers/gpio/gpio-v2.c:146
/home/nickw/Desktop/AIdeck_examples/GAP8/test_functionalities/wifi_jpeg_streamer/BUILD/GAP8_V2/GCC_RISCV/test:1c003dee 00000036 T __rt_fc_cluster_unlock	/home/nickw/gap_sdk/rtos/pulp/pulp-os/kernel/utils.c:199
/home/nickw/Desktop/AIdeck_examples/GAP8/test_functionalities/wifi_jpeg_streamer/BUILD/GAP8_V2/GCC_RISCV/test:1c001b06 00000038 T __jpeg_encoder_process_cl	/home/nickw/gap_sdk/libs/gap_lib/jpeg/cluster.c:742
/home/nickw/Desktop/AIdeck_examples/GAP8/test_functionalities/wifi_jpeg_streamer/BUILD/GAP8_V2/GCC_RISCV/test:1c006996 00000038 T pi_gpio_pin_read	/home/nickw/gap_sdk/rtos/pulp/pulp-os/drivers/gpio/gpio-v2.c:171
/home/nickw/Desktop/AIdeck_examples/GAP8/test_functionalities/wifi_jpeg_streamer/BUILD/GAP8_V2/GCC_RISCV/test:1c003db6 00000038 T __rt_fc_cluster_lock	/home/nickw/gap_sdk/rtos/pulp/pulp-os/kernel/utils.c:189
/home/nickw/Desktop/AIdeck_examples/GAP8/test_functionalities/wifi_jpeg_streamer/BUILD/GAP8_V2/GCC_RISCV/test:1c003fbe 0000003a T __rt_bridge_printf_flush
/home/nickw/Desktop/AIdeck_examples/GAP8/test_functionalities/wifi_jpeg_streamer/BUILD/GAP8_V2/GCC_RISCV/test:1c0058aa 0000003a t __rt_spi_get_div.isra.1	/home/nickw/gap_sdk/rtos/pulp/pulp-os/drivers/spi/spim-v2.c:1318
/home/nickw/Desktop/AIdeck_examples/GAP8/test_functionalities/wifi_jpeg_streamer/BUILD/GAP8_V2/GCC_RISCV/test:1c003930 0000003c t __bsp_init_pads
/home/nickw/Desktop/AIdeck_examples/GAP8/test_functionalities/wifi_jpeg_streamer/BUILD/GAP8_V2/GCC_RISCV/test:1c002f62 0000003c t __himax_init_regs	/home/nickw/gap_sdk/rtos/pmsis/pmsis_bsp/camera/himax/himax.c:192
/home/nickw/Desktop/AIdeck_examples/GAP8/test_functionalities/wifi_jpeg_streamer/BUILD/GAP8_V2/GCC_RISCV/test:1c00508c 0000003c T __rt_cluster_new	/home/nickw/gap_sdk/rtos/pulp/pulp-os/kernel/cluster.c:445
/home/nickw/Desktop/AIdeck_examples/GAP8/test_functionalities/wifi_jpeg_streamer/BUILD/GAP8_V2/GCC_RISCV/test:1c0050c8 0000003c t __rt_cluster_pulpos_emu_init	/home/nickw/gap_sdk/rtos/pulp/pulp-os/kernel/pulpos_emu.c:29
/home/nickw/Desktop/AIdeck_examples/GAP8/test_functionalities/wifi_jpeg_streamer/BUILD/GAP8_V2/GCC_RISCV/test:1c007746 0000003c T __rt_putc_uart	/home/nickw/gap_sdk/rtos/pulp/pulp-os/libs/io/io.c:412
/home/nickw/Desktop/AIdeck_examples/GAP8/test_functionalities/wifi_jpeg_streamer/BUILD/GAP8_V2/GCC_RISCV/test:1c003cc0 0000003e T __rt_cbsys_add	/home/nickw/gap_sdk/rtos/pulp/pulp-os/kernel/utils.c:57
/home/nickw/Desktop/AIdeck_examples/GAP8/test_functionalities/wifi_jpeg_streamer/BUILD/GAP8_V2/GCC_RISCV/test:1c0048a4 0000003e T __rt_freq_init	/home/nickw/gap_sdk/rtos/pulp/pulp-os/kernel/gap/freq.c:62
/home/nickw/Desktop/AIdeck_examples/GAP8/test_functionalities/wifi_jpeg_streamer/BUILD/GAP8_V2/GCC_RISCV/test:1c004c0a 00000040 T InitFlls	/home/nickw/gap_sdk/rtos/pulp/pulp-os/kernel/gap/pmu_driver.c:858
/home/nickw/Desktop/AIdeck_examples/GAP8/test_functionalities/wifi_jpeg_streamer/BUILD/GAP8_V2/GCC_RISCV/test:1c007310 00000040 t __rt_do_putc_host	/home/nickw/gap_sdk/rtos/pulp/pulp-os/libs/io/io.c:430
/home/nickw/Desktop/AIdeck_examples/GAP8/test_functionalities/wifi_jpeg_streamer/BUILD/GAP8_V2/GCC_RISCV/test:1c00033a 00000042 T frame_streamer_send	/home/nickw/gap_sdk/tools/gap_tools/frame_streamer/frame_streamer.c:245
/home/nickw/Desktop/AIdeck_examples/GAP8/test_functionalities/wifi_jpeg_streamer/BUILD/GAP8_V2/GCC_RISCV/test:1c008690 00000042 t __rt_uart_cluster_req	/home/nickw/gap_sdk/rtos/pulp/pulp-os/drivers_deprecated/uart/uart.c:266
/home/nickw/Desktop/AIdeck_examples/GAP8/test_functionalities/wifi_jpeg_streamer/BUILD/GAP8_V2/GCC_RISCV/test:1c006d58 00000042 t __rt_uart_wait_tx_done.isra.17	/home/nickw/gap_sdk/install/GAP8_V2/include/hal/udma/uart/udma_uart_v1.h:217
/home/nickw/Desktop/AIdeck_examples/GAP8/test_functionalities/wifi_jpeg_streamer/BUILD/GAP8_V2/GCC_RISCV/test:1c008622 00000042 t __rt_uart_wait_tx_done.isra.6	/home/nickw/gap_sdk/rtos/pulp/pulp-os/drivers_deprecated/uart/uart.c:222
/home/nickw/Desktop/AIdeck_examples/GAP8/test_functionalities/wifi_jpeg_streamer/BUILD/GAP8_V2/GCC_RISCV/test:1c007a88 00000044 t _ldiv5	/home/nickw/gap_sdk/rtos/pulp/pulp-os/libs/io/prf.c:143
/home/nickw/Desktop/AIdeck_examples/GAP8/test_functionalities/wifi_jpeg_streamer/BUILD/GAP8_V2/GCC_RISCV/test:1c005866 00000044 t pos_spim_apply_conf	/home/nickw/gap_sdk/rtos/pulp/pulp-os/drivers/spi/spim-v2.c:175
/home/nickw/Desktop/AIdeck_examples/GAP8/test_functionalities/wifi_jpeg_streamer/BUILD/GAP8_V2/GCC_RISCV/test:1c009dd4 00000044 d __rt_uart	/home/nickw/gap_sdk/rtos/pulp/pulp-os/drivers/uart/uart.c:66
/home/nickw/Desktop/AIdeck_examples/GAP8/test_functionalities/wifi_jpeg_streamer/BUILD/GAP8_V2/GCC_RISCV/test:1c00675a 00000046 T pos_spim_handle_copy_eot	/home/nickw/gap_sdk/rtos/pulp/pulp-os/drivers/spi/spim-v2.c:875
/home/nickw/Desktop/AIdeck_examples/GAP8/test_functionalities/wifi_jpeg_streamer/BUILD/GAP8_V2/GCC_RISCV/test:1c003e60 00000046 t __rt_bridge_wait
/home/nickw/Desktop/AIdeck_examples/GAP8/test_functionalities/wifi_jpeg_streamer/BUILD/GAP8_V2/GCC_RISCV/test:1c0052ea 00000048 T pi_cluster_send_task_to_cl	/home/nickw/gap_sdk/rtos/pulp/pulp-os/kernel/cluster_call.c:149
/home/nickw/Desktop/AIdeck_examples/GAP8/test_functionalities/wifi_jpeg_streamer/BUILD/GAP8_V2/GCC_RISCV/test:1c0053f8 00000048 T pi_cpi_close	/home/nickw/gap_sdk/rtos/pulp/pulp-os/drivers/cpi/cpi-v1.c:73
/home/nickw/Desktop/AIdeck_examples/GAP8/test_functionalities/wifi_jpeg_streamer/BUILD/GAP8_V2/GCC_RISCV/test:1c004288 00000048 T rt_user_alloc	/home/nickw/gap_sdk/rtos/pulp/pulp-os/kernel/alloc.c:207
/home/nickw/Desktop/AIdeck_examples/GAP8/test_functionalities/wifi_jpeg_streamer/BUILD/GAP8_V2/GCC_RISCV/test:1c000838 0000004a T jpeg_encoder_process	/home/nickw/gap_sdk/libs/gap_lib/jpeg/jpeg_encoder.c:426
/home/nickw/Desktop/AIdeck_examples/GAP8/test_functionalities/wifi_jpeg_streamer/BUILD/GAP8_V2/GCC_RISCV/test:1c003f18 0000004a T __rt_bridge_check_connection
/home/nickw/Desktop/AIdeck_examples/GAP8/test_functionalities/wifi_jpeg_streamer/BUILD/GAP8_V2/GCC_RISCV/test:1c00485a 0000004a T rt_freq_set_and_get	/home/nickw/gap_sdk/rtos/pulp/pulp-os/kernel/gap/freq.c:30
/home/nickw/Desktop/AIdeck_examples/GAP8/test_functionalities/wifi_jpeg_streamer/BUILD/GAP8_V2/GCC_RISCV/test:1c006ba6 0000004a t __rt_uart_setup	/home/nickw/gap_sdk/rtos/pulp/pulp-os/drivers/uart/uart.c:260
/home/nickw/Desktop/AIdeck_examples/GAP8/test_functionalities/wifi_jpeg_streamer/BUILD/GAP8_V2/GCC_RISCV/test:1c0067a0 0000004c T pos_spim_receive_handle_temp_buffer	/home/nickw/gap_sdk/rtos/pulp/pulp-os/drivers/spi/spim-v2.c:1045
/home/nickw/Desktop/AIdeck_examples/GAP8/test_functionalities/wifi_jpeg_streamer/BUILD/GAP8_V2/GCC_RISCV/test:1c003b54 0000004c T rt_irq_set_handler	/home/nickw/gap_sdk/rtos/pulp/pulp-os/kernel/irq.c:61
/home/nickw/Desktop/AIdeck_examples/GAP8/test_functionalities/wifi_jpeg_streamer/BUILD/GAP8_V2/GCC_RISCV/test:1c0042d0 0000004c T rt_user_free	/home/nickw/gap_sdk/rtos/pulp/pulp-os/kernel/alloc.c:291
/home/nickw/Desktop/AIdeck_examples/GAP8/test_functionalities/wifi_jpeg_streamer/BUILD/GAP8_V2/GCC_RISCV/test:1c008796 0000004e T rt_uart_close	/home/nickw/gap_sdk/rtos/pulp/pulp-os/drivers_deprecated/uart/uart.c:228
/home/nickw/Desktop/AIdeck_examples/GAP8/test_functionalities/wifi_jpeg_streamer/BUILD/GAP8_V2/GCC_RISCV/test:1c006a58 00000050 T pi_gpio_mask_configure	/home/nickw/gap_sdk/rtos/pulp/pulp-os/drivers/gpio/gpio-v2.c:279
/home/nickw/Desktop/AIdeck_examples/GAP8/test_functionalities/wifi_jpeg_streamer/BUILD/GAP8_V2/GCC_RISCV/test:1c003ba2 00000050 T __rt_handle_illegal_instr	/home/nickw/gap_sdk/rtos/pulp/pulp-os/kernel/irq.c:94
/home/nickw/Desktop/AIdeck_examples/GAP8/test_functionalities/wifi_jpeg_streamer/BUILD/GAP8_V2/GCC_RISCV/test:1c0072c0 00000050 t __rt_io_uart_wait_req	/home/nickw/gap_sdk/rtos/pulp/pulp-os/libs/io/io.c:315
/home/nickw/Desktop/AIdeck_examples/GAP8/test_functionalities/wifi_jpeg_streamer/BUILD/GAP8_V2/GCC_RISCV/test:00000308 00000050 D __rt_udma_channels
/home/nickw/Desktop/AIdeck_examples/GAP8/test_functionalities/wifi_jpeg_streamer/BUILD/GAP8_V2/GCC_RISCV/test:1c007220 00000052 T __rt_i2s_init	/home/nickw/gap_sdk/rtos/pulp/pulp-os/drivers_deprecated/i2s/i2s-v1.c:268
/home/nickw/Desktop/AIdeck_examples/GAP8/test_functionalities/wifi_jpeg_streamer/BUILD/GAP8_V2/GCC_RISCV/test:1c003bf2 00000052 T __rt_irq_init	/home/nickw/gap_sdk/rtos/pulp/pulp-os/kernel/irq.c:103
/home/nickw/Desktop/AIdeck_examples/GAP8/test_functionalities/wifi_jpeg_streamer/BUILD/GAP8_V2/GCC_RISCV/test:1c006ff4 00000054 T __rt_udma_copy_enqueue	/home/nickw/gap_sdk/rtos/pulp/pulp-os/drivers/udma/udma-v2.c:55
/home/nickw/Desktop/AIdeck_examples/GAP8/test_functionalities/wifi_jpeg_streamer/BUILD/GAP8_V2/GCC_RISCV/test:1c0047a6 00000056 T __rt_periph_wait_event	/home/nickw/gap_sdk/rtos/pulp/pulp-os/kernel/periph-v2.c:237
/home/nickw/Desktop/AIdeck_examples/GAP8/test_functionalities/wifi_jpeg_streamer/BUILD/GAP8_V2/GCC_RISCV/test:1c00a0e0 00000058 b __pos_pwm	/home/nickw/gap_sdk/rtos/pulp/pulp-os/drivers/pwm/pwm-v1.c:43
/home/nickw/Desktop/AIdeck_examples/GAP8/test_functionalities/wifi_jpeg_streamer/BUILD/GAP8_V2/GCC_RISCV/test:1c00653e 00000058 t pos_spim_receive_handle_misaligned	/home/nickw/gap_sdk/rtos/pulp/pulp-os/drivers/spi/spim-v2.c:1207
/home/nickw/Desktop/AIdeck_examples/GAP8/test_functionalities/wifi_jpeg_streamer/BUILD/GAP8_V2/GCC_RISCV/test:1c0057e2 00000058 t __rt_i2c_init	/home/nickw/gap_sdk/rtos/pulp/pulp-os/drivers/i2c/i2c-v2.c:307
/home/nickw/Desktop/AIdeck_examples/GAP8/test_functionalities/wifi_jpeg_streamer/BUILD/GAP8_V2/GCC_RISCV/test:1c007350 0000005a t __rt_io_start	/home/nickw/gap_sdk/rtos/pulp/pulp-os/libs/io/io.c:746
/home/nickw/Desktop/AIdeck_examples/GAP8/test_functionalities/wifi_jpeg_streamer/BUILD/GAP8_V2/GCC_RISCV/test:1c002fe0 0000005c T __himax_reg_get	/home/nickw/gap_sdk/rtos/pmsis/pmsis_bsp/camera/himax/himax.c:493
/home/nickw/Desktop/AIdeck_examples/GAP8/test_functionalities/wifi_jpeg_streamer/BUILD/GAP8_V2/GCC_RISCV/test:1c005194 0000005c T rt_cluster_mount	/home/nickw/gap_sdk/rtos/pulp/pulp-os/kernel/pulpos_emu.c:68
/home/nickw/Desktop/AIdeck_examples/GAP8/test_functionalities/wifi_jpeg_streamer/BUILD/GAP8_V2/GCC_RISCV/test:1c008818 0000005c T __rt_uart_init	/home/nickw/gap_sdk/rtos/pulp/pulp-os/drivers_deprecated/uart/uart.c:292
/home/nickw/Desktop/AIdeck_examples/GAP8/test_functionalities/wifi_jpeg_streamer/BUILD/GAP8_V2/GCC_RISCV/test:1c002ae6 0000005e t led_handle	/home/nickw/Desktop/AIdeck_examples/GAP8/test_functionalities/wifi_jpeg_streamer/test.c:176
/home/nickw/Desktop/AIdeck_examples/GAP8/test_functionalities/wifi_jpeg_streamer/BUILD/GAP8_V2/GCC_RISCV/test:1c0047fc 0000005e T __rt_periph_init	/home/nickw/gap_sdk/rtos/pulp/pulp-os/kernel/periph-v2.c:276
/home/nickw/Desktop/AIdeck_examples/GAP8/test_functionalities/wifi_jpeg_streamer/BUILD/GAP8_V2/GCC_RISCV/test:1c0076e8 0000005e T __rt_putc_debug_bridge	/home/nickw/gap_sdk/rtos/pulp/pulp-os/libs/io/io.c:288
/home/nickw/Desktop/AIdeck_examples/GAP8/test_functionalities/wifi_jpeg_streamer/BUILD/GAP8_V2/GCC_RISCV/test:1c006dc6 00000062 T __pi_uart_handle_copy	/home/nickw/gap_sdk/rtos/pulp/pulp-os/drivers/uart/uart.c:68
/home/nickw/Desktop/AIdeck_examples/GAP8/test_functionalities/wifi_jpeg_streamer/BUILD/GAP8_V2/GCC_RISCV/test:1c004d20 00000062 t __rt_init_cluster_data	/home/nickw/gap_sdk/rtos/pulp/pulp-os/kernel/cluster.c:72
/home/nickw/Desktop/AIdeck_examples/GAP8/test_functionalities/wifi_jpeg_streamer/BUILD/GAP8_V2/GCC_RISCV/test:1c006812 00000062 t __rt_spim_init	/home/nickw/gap_sdk/rtos/pulp/pulp-os/drivers/spi/spim-v2.c:1374
/home/nickw/Desktop/AIdeck_examples/GAP8/test_functionalities/wifi_jpeg_streamer/BUILD/GAP8_V2/GCC_RISCV/test:1c006900 00000064 T pi_gpio_open	/home/nickw/gap_sdk/rtos/pulp/pulp-os/drivers/gpio/gpio-v2.c:96
/home/nickw/Desktop/AIdeck_examples/GAP8/test_functionalities/wifi_jpeg_streamer/BUILD/GAP8_V2/GCC_RISCV/test:1c0069ce 00000064 T pi_gpio_pin_notif_configure	/home/nickw/gap_sdk/rtos/pulp/pulp-os/drivers/gpio/gpio-v2.c:193
/home/nickw/Desktop/AIdeck_examples/GAP8/test_functionalities/wifi_jpeg_streamer/BUILD/GAP8_V2/GCC_RISCV/test:1c004d82 00000064 t __rt_cluster_init	/home/nickw/gap_sdk/rtos/pulp/pulp-os/kernel/cluster.c:382
/home/nickw/Desktop/AIdeck_examples/GAP8/test_functionalities/wifi_jpeg_streamer/BUILD/GAP8_V2/GCC_RISCV/test:1c0041ae 00000064 T __rt_event_execute	/home/nickw/gap_sdk/rtos/pulp/pulp-os/kernel/events.c:189
/home/nickw/Desktop/AIdeck_examples/GAP8/test_functionalities/wifi_jpeg_streamer/BUILD/GAP8_V2/GCC_RISCV/test:1c0066f4 00000066 T __pi_handle_waiting_copy	/home/nickw/gap_sdk/rtos/pulp/pulp-os/drivers/spi/spim-v2.c:787
/home/nickw/Desktop/AIdeck_examples/GAP8/test_functionalities/wifi_jpeg_streamer/BUILD/GAP8_V2/GCC_RISCV/test:1c002a7e 00000068 t streamer_handler	/home/nickw/Desktop/AIdeck_examples/GAP8/test_functionalities/wifi_jpeg_streamer/test.c:66
/home/nickw/Desktop/AIdeck_examples/GAP8/test_functionalities/wifi_jpeg_streamer/BUILD/GAP8_V2/GCC_RISCV/test:1c00538e 0000006a T pi_cpi_open	/home/nickw/gap_sdk/rtos/pulp/pulp-os/drivers/cpi/cpi-v1.c:37
/home/nickw/Desktop/AIdeck_examples/GAP8/test_functionalities/wifi_jpeg_streamer/BUILD/GAP8_V2/GCC_RISCV/test:1c006596 0000006a t pos_spim_receive_handle_misaligned_2d	/home/nickw/gap_sdk/rtos/pulp/pulp-os/drivers/spi/spim-v2.c:1233
/home/nickw/Desktop/AIdeck_examples/GAP8/test_functionalities/wifi_jpeg_streamer/BUILD/GAP8_V2/GCC_RISCV/test:1c004394 0000006a T __rt_allocs_init	/home/nickw/gap_sdk/rtos/pulp/pulp-os/kernel/alloc.c:465
/home/nickw/Desktop/AIdeck_examples/GAP8/test_functionalities/wifi_jpeg_streamer/BUILD/GAP8_V2/GCC_RISCV/test:1c003ff8 0000006e T __rt_bridge_req_shutdown	/home/nickw/gap_sdk/rtos/pulp/pulp-os/kernel/bridge.c:774
/home/nickw/Desktop/AIdeck_examples/GAP8/test_functionalities/wifi_jpeg_streamer/BUILD/GAP8_V2/GCC_RISCV/test:1c00308c 00000070 t __himax_reset	/home/nickw/gap_sdk/rtos/pmsis/pmsis_bsp/camera/himax/himax.c:203
/home/nickw/Desktop/AIdeck_examples/GAP8/test_functionalities/wifi_jpeg_streamer/BUILD/GAP8_V2/GCC_RISCV/test:1c0034e0 00000070 t __nina_w10_get_response.constprop.6	/home/nickw/gap_sdk/rtos/pmsis/pmsis_bsp/transport/nina_w10/nina_w10.c:91
/home/nickw/Desktop/AIdeck_examples/GAP8/test_functionalities/wifi_jpeg_streamer/BUILD/GAP8_V2/GCC_RISCV/test:1c00501c 00000070 T __rt_cluster_push_fc_event	/home/nickw/gap_sdk/rtos/pulp/pulp-os/kernel/cluster.c:413
/home/nickw/Desktop/AIdeck_examples/GAP8/test_functionalities/wifi_jpeg_streamer/BUILD/GAP8_V2/GCC_RISCV/test:1c0073ca 00000070 t __rt_io_lock
/home/nickw/Desktop/AIdeck_examples/GAP8/test_functionalities/wifi_jpeg_streamer/BUILD/GAP8_V2/GCC_RISCV/test:1c00746e 00000070 t __rt_io_unlock
/home/nickw/Desktop/AIdeck_examples/GAP8/test_functionalities/wifi_jpeg_streamer/BUILD/GAP8_V2/GCC_RISCV/test:1c006f4e 00000072 T __pi_uart_init	/home/nickw/gap_sdk/rtos/pulp/pulp-os/drivers/uart/uart.c:622
/home/nickw/Desktop/AIdeck_examples/GAP8/test_functionalities/wifi_jpeg_streamer/BUILD/GAP8_V2/GCC_RISCV/test:1c003ea6 00000072 T __rt_bridge_handle_notif	/home/nickw/gap_sdk/rtos/pulp/pulp-os/kernel/bridge.c:644
/home/nickw/Desktop/AIdeck_examples/GAP8/test_functionalities/wifi_jpeg_streamer/BUILD/GAP8_V2/GCC_RISCV/test:1c00791a 00000072 T __rt_io_init	/home/nickw/gap_sdk/rtos/pulp/pulp-os/libs/io/io.c:800
/home/nickw/Desktop/AIdeck_examples/GAP8/test_functionalities/wifi_jpeg_streamer/BUILD/GAP8_V2/GCC_RISCV/test:1c00789c 00000074 T exit	/home/nickw/gap_sdk/rtos/pulp/pulp-os/libs/io/io.c:690
/home/nickw/Desktop/AIdeck_examples/GAP8/test_functionalities/wifi_jpeg_streamer/BUILD/GAP8_V2/GCC_RISCV/test:1c0040da 00000074 T rt_event_alloc	/home/nickw/gap_sdk/rtos/pulp/pulp-os/kernel/events.c:52
/home/nickw/Desktop/AIdeck_examples/GAP8/test_functionalities/wifi_jpeg_streamer/BUILD/GAP8_V2/GCC_RISCV/test:1c001b3e 00000076 T __jpeg_encoder_start_cl	/home/nickw/gap_sdk/libs/gap_lib/jpeg/cluster.c:767
/home/nickw/Desktop/AIdeck_examples/GAP8/test_functionalities/wifi_jpeg_streamer/BUILD/GAP8_V2/GCC_RISCV/test:1c00357a 00000076 t __nina_w10_send_command	/home/nickw/gap_sdk/rtos/pmsis/pmsis_bsp/transport/nina_w10/nina_w10.c:62
/home/nickw/Desktop/AIdeck_examples/GAP8/test_functionalities/wifi_jpeg_streamer/BUILD/GAP8_V2/GCC_RISCV/test:1c006600 00000076 T pi_spi_copy_async	/home/nickw/gap_sdk/rtos/pulp/pulp-os/drivers/spi/spim-v2.c:1271
/home/nickw/Desktop/AIdeck_examples/GAP8/test_functionalities/wifi_jpeg_streamer/BUILD/GAP8_V2/GCC_RISCV/test:1c002a04 0000007a t cam_handler	/home/nickw/Desktop/AIdeck_examples/GAP8/test_functionalities/wifi_jpeg_streamer/test.c:37
/home/nickw/Desktop/AIdeck_examples/GAP8/test_functionalities/wifi_jpeg_streamer/BUILD/GAP8_V2/GCC_RISCV/test:1c004456 0000007a T rt_event_push_delayed	/home/nickw/gap_sdk/rtos/pulp/pulp-os/kernel/time.c:59
/home/nickw/Desktop/AIdeck_examples/GAP8/test_functionalities/wifi_jpeg_streamer/BUILD/GAP8_V2/GCC_RISCV/test:1c0035f0 0000007c T __nina_w10_send_async	/home/nickw/gap_sdk/rtos/pmsis/pmsis_bsp/transport/nina_w10/nina_w10.c:323
/home/nickw/Desktop/AIdeck_examples/GAP8/test_functionalities/wifi_jpeg_streamer/BUILD/GAP8_V2/GCC_RISCV/test:1c003c44 0000007c t __rt_fc_cluster_lock_req	/home/nickw/gap_sdk/rtos/pulp/pulp-os/kernel/utils.c:142
/home/nickw/Desktop/AIdeck_examples/GAP8/test_functionalities/wifi_jpeg_streamer/BUILD/GAP8_V2/GCC_RISCV/test:1c006676 0000007e T pi_spi_copy_2d_async	/home/nickw/gap_sdk/rtos/pulp/pulp-os/drivers/spi/spim-v2.c:1320
/home/nickw/Desktop/AIdeck_examples/GAP8/test_functionalities/wifi_jpeg_streamer/BUILD/GAP8_V2/GCC_RISCV/test:1c009ef0 00000080 b led_task	/home/nickw/Desktop/AIdeck_examples/GAP8/test_functionalities/wifi_jpeg_streamer/test.c:173
/home/nickw/Desktop/AIdeck_examples/GAP8/test_functionalities/wifi_jpeg_streamer/BUILD/GAP8_V2/GCC_RISCV/test:1c00a138 00000080 b __rt_io_event	/home/nickw/gap_sdk/rtos/pulp/pulp-os/libs/io/io.c:39
/home/nickw/Desktop/AIdeck_examples/GAP8/test_functionalities/wifi_jpeg_streamer/BUILD/GAP8_V2/GCC_RISCV/test:1c009e38 00000080 d __rt_putc_host_buffer	/home/nickw/gap_sdk/rtos/pulp/pulp-os/libs/io/io.c:47
/home/nickw/Desktop/AIdeck_examples/GAP8/test_functionalities/wifi_jpeg_streamer/BUILD/GAP8_V2/GCC_RISCV/test:1c009f70 00000080 b task1	/home/nickw/Desktop/AIdeck_examples/GAP8/test_functionalities/wifi_jpeg_streamer/test.c:17
/home/nickw/Desktop/AIdeck_examples/GAP8/test_functionalities/wifi_jpeg_streamer/BUILD/GAP8_V2/GCC_RISCV/test:1c006cd4 00000084 t __pi_uart_copy_enqueue	/home/nickw/gap_sdk/rtos/pulp/pulp-os/drivers/uart/uart.c:170
/home/nickw/Desktop/AIdeck_examples/GAP8/test_functionalities/wifi_jpeg_streamer/BUILD/GAP8_V2/GCC_RISCV/test:1c006874 00000086 T __pi_gpio_handler	/home/nickw/gap_sdk/rtos/pulp/pulp-os/drivers/gpio/gpio-v2.c:54
/home/nickw/Desktop/AIdeck_examples/GAP8/test_functionalities/wifi_jpeg_streamer/BUILD/GAP8_V2/GCC_RISCV/test:1c00366c 00000088 t __nina_w10_send_packet_resume
/home/nickw/Desktop/AIdeck_examples/GAP8/test_functionalities/wifi_jpeg_streamer/BUILD/GAP8_V2/GCC_RISCV/test:1c009b04 00000088 d __rt_i2c	/home/nickw/gap_sdk/rtos/pulp/pulp-os/drivers/i2c/i2c-v2.c:25
/home/nickw/Desktop/AIdeck_examples/GAP8/test_functionalities/wifi_jpeg_streamer/BUILD/GAP8_V2/GCC_RISCV/test:1c003898 0000008c t __nina_w10_send_packet_end	/home/nickw/gap_sdk/rtos/pmsis/pmsis_bsp/transport/nina_w10/nina_w10.c:184
/home/nickw/Desktop/AIdeck_examples/GAP8/test_functionalities/wifi_jpeg_streamer/BUILD/GAP8_V2/GCC_RISCV/test:1c004934 0000008c T __rt_pmu_cluster_power_down	/home/nickw/gap_sdk/rtos/pulp/pulp-os/kernel/gap/pmu_driver.c:205
/home/nickw/Desktop/AIdeck_examples/GAP8/test_functionalities/wifi_jpeg_streamer/BUILD/GAP8_V2/GCC_RISCV/test:1c0044f4 0000008c T __rt_time_init	/home/nickw/gap_sdk/rtos/pulp/pulp-os/kernel/time.c:136
/home/nickw/Desktop/AIdeck_examples/GAP8/test_functionalities/wifi_jpeg_streamer/BUILD/GAP8_V2/GCC_RISCV/test:1c008708 0000008e T __rt_uart_open	/home/nickw/gap_sdk/rtos/pulp/pulp-os/drivers_deprecated/uart/uart.c:151
/home/nickw/Desktop/AIdeck_examples/GAP8/test_functionalities/wifi_jpeg_streamer/BUILD/GAP8_V2/GCC_RISCV/test:1c005104 00000090 T rt_cluster_call	/home/nickw/gap_sdk/rtos/pulp/pulp-os/kernel/pulpos_emu.c:40
/home/nickw/Desktop/AIdeck_examples/GAP8/test_functionalities/wifi_jpeg_streamer/BUILD/GAP8_V2/GCC_RISCV/test:1c0070a8 00000092 T pi_pwm_open	/home/nickw/gap_sdk/rtos/pulp/pulp-os/drivers/pwm/pwm-v1.c:53
/home/nickw/Desktop/AIdeck_examples/GAP8/test_functionalities/wifi_jpeg_streamer/BUILD/GAP8_V2/GCC_RISCV/test:1c0075b8 00000092 t __rt_io_uart_wait_pending	/home/nickw/gap_sdk/rtos/pulp/pulp-os/libs/io/io.c:332
/home/nickw/Desktop/AIdeck_examples/GAP8/test_functionalities/wifi_jpeg_streamer/BUILD/GAP8_V2/GCC_RISCV/test:1c0079d6 00000092 t _to_x	/home/nickw/gap_sdk/rtos/pulp/pulp-os/libs/io/prf.c:44
/home/nickw/Desktop/AIdeck_examples/GAP8/test_functionalities/wifi_jpeg_streamer/BUILD/GAP8_V2/GCC_RISCV/test:1c006c12 00000094 t __pi_uart_copy_enqueue_exec_flow_control
/home/nickw/Desktop/AIdeck_examples/GAP8/test_functionalities/wifi_jpeg_streamer/BUILD/GAP8_V2/GCC_RISCV/test:1c00a048 00000098 b __rt_gpio	/home/nickw/gap_sdk/rtos/pulp/pulp-os/drivers/gpio/gpio-v2.c:34
/home/nickw/Desktop/AIdeck_examples/GAP8/test_functionalities/wifi_jpeg_streamer/BUILD/GAP8_V2/GCC_RISCV/test:1c003322 0000009e t __himax_control	/home/nickw/gap_sdk/rtos/pmsis/pmsis_bsp/camera/himax/himax.c:433
/home/nickw/Desktop/AIdeck_examples/GAP8/test_functionalities/wifi_jpeg_streamer/BUILD/GAP8_V2/GCC_RISCV/test:1c004a9e 000000a4 T InitOneFll	/home/nickw/gap_sdk/rtos/pulp/pulp-os/kernel/gap/pmu_driver.c:771
/home/nickw/Desktop/AIdeck_examples/GAP8/test_functionalities/wifi_jpeg_streamer/BUILD/GAP8_V2/GCC_RISCV/test:1c007782 000000ac t tfp_putc.isra.9	/home/nickw/gap_sdk/rtos/pulp/pulp-os/libs/io/io.c:795
/home/nickw/Desktop/AIdeck_examples/GAP8/test_functionalities/wifi_jpeg_streamer/BUILD/GAP8_V2/GCC_RISCV/test:1c000cd0 000000b0 t __jpeg_encoder_init_constants	/home/nickw/gap_sdk/libs/gap_lib/jpeg/cluster.c:756
/home/nickw/Desktop/AIdeck_examples/GAP8/test_functionalities/wifi_jpeg_streamer/BUILD/GAP8_V2/GCC_RISCV/test:1c009160 000000b2 D std_ac_luminance_huff	/home/nickw/gap_sdk/libs/gap_lib/jpeg/jpeg_encoder.c:39
/home/nickw/Desktop/AIdeck_examples/GAP8/test_functionalities/wifi_jpeg_streamer/BUILD/GAP8_V2/GCC_RISCV/test:1c001682 000000ba T process_du_cluster
/home/nickw/Desktop/AIdeck_examples/GAP8/test_functionalities/wifi_jpeg_streamer/BUILD/GAP8_V2/GCC_RISCV/test:1c004c4a 000000ba T __rt_pmu_init	/home/nickw/gap_sdk/rtos/pulp/pulp-os/kernel/gap/pmu_driver.c:472
/home/nickw/Desktop/AIdeck_examples/GAP8/test_functionalities/wifi_jpeg_streamer/BUILD/GAP8_V2/GCC_RISCV/test:1c0055d8 000000bc T pi_i2c_read_async	/home/nickw/gap_sdk/rtos/pulp/pulp-os/drivers/i2c/i2c-v2.c:190
/home/nickw/Desktop/AIdeck_examples/GAP8/test_functionalities/wifi_jpeg_streamer/BUILD/GAP8_V2/GCC_RISCV/test:1c00037c 000000be t AppendBits	/home/nickw/gap_sdk/libs/gap_lib/jpeg/jpeg_encoder.c:120
/home/nickw/Desktop/AIdeck_examples/GAP8/test_functionalities/wifi_jpeg_streamer/BUILD/GAP8_V2/GCC_RISCV/test:1c00928c 000000c0 D __hal_debug_struct
/home/nickw/Desktop/AIdeck_examples/GAP8/test_functionalities/wifi_jpeg_streamer/BUILD/GAP8_V2/GCC_RISCV/test:1c006ade 000000c8 t __pi_uart_flow_control_enable	/home/nickw/gap_sdk/rtos/pulp/pulp-os/drivers/uart/uart.c:545
/home/nickw/Desktop/AIdeck_examples/GAP8/test_functionalities/wifi_jpeg_streamer/BUILD/GAP8_V2/GCC_RISCV/test:1c004b42 000000c8 T __rt_pmu_cluster_power_up
/home/nickw/Desktop/AIdeck_examples/GAP8/test_functionalities/wifi_jpeg_streamer/BUILD/GAP8_V2/GCC_RISCV/test:1c00026c 000000ce T frame_streamer_send_async	/home/nickw/gap_sdk/tools/gap_tools/frame_streamer/frame_streamer.c:201
/home/nickw/Desktop/AIdeck_examples/GAP8/test_functionalities/wifi_jpeg_streamer/BUILD/GAP8_V2/GCC_RISCV/test:1c003254 000000ce T __himax_reopen	/home/nickw/gap_sdk/rtos/pmsis/pmsis_bsp/camera/himax/himax.c:369
/home/nickw/Desktop/AIdeck_examples/GAP8/test_functionalities/wifi_jpeg_streamer/BUILD/GAP8_V2/GCC_RISCV/test:1c0054e2 000000d4 T pi_i2c_write_async	/home/nickw/gap_sdk/rtos/pulp/pulp-os/drivers/i2c/i2c-v2.c:114
/home/nickw/Desktop/AIdeck_examples/GAP8/test_functionalities/wifi_jpeg_streamer/BUILD/GAP8_V2/GCC_RISCV/test:1c004f12 000000d8 T pi_cluster_open	/home/nickw/gap_sdk/rtos/pulp/pulp-os/kernel/cluster.c:343
/home/nickw/Desktop/AIdeck_examples/GAP8/test_functionalities/wifi_jpeg_streamer/BUILD/GAP8_V2/GCC_RISCV/test:1c0074de 000000da t __rt_io_uart_flush.constprop.11	/home/nickw/gap_sdk/rtos/pulp/pulp-os/libs/io/io.c:795
/home/nickw/Desktop/AIdeck_examples/GAP8/test_functionalities/wifi_jpeg_streamer/BUILD/GAP8_V2/GCC_RISCV/test:1c0049c0 000000de T SetFllFrequency
/home/nickw/Desktop/AIdeck_examples/GAP8/test_functionalities/wifi_jpeg_streamer/BUILD/GAP8_V2/GCC_RISCV/test:1c0008e6 000000e2 T jpeg_encoder_header	/home/nickw/gap_sdk/libs/gap_lib/jpeg/jpeg_encoder.c:479
/home/nickw/Desktop/AIdeck_examples/GAP8/test_functionalities/wifi_jpeg_streamer/BUILD/GAP8_V2/GCC_RISCV/test:1c006e42 000000f2 T pi_uart_open	/home/nickw/gap_sdk/rtos/pulp/pulp-os/drivers/uart/uart.c:328
/home/nickw/Desktop/AIdeck_examples/GAP8/test_functionalities/wifi_jpeg_streamer/BUILD/GAP8_V2/GCC_RISCV/test:1c004580 000000f2 T __rt_timer_handler	/home/nickw/gap_sdk/rtos/pulp/pulp-os/kernel/time_irq.c:30
/home/nickw/Desktop/AIdeck_examples/GAP8/test_functionalities/wifi_jpeg_streamer/BUILD/GAP8_V2/GCC_RISCV/test:1c002b44 000000f4 t uart_handler
/home/nickw/Desktop/AIdeck_examples/GAP8/test_functionalities/wifi_jpeg_streamer/BUILD/GAP8_V2/GCC_RISCV/test:1c0051f0 000000fa T pi_cluster_send_task_to_cl_async	/home/nickw/gap_sdk/rtos/pulp/pulp-os/kernel/cluster_call.c:65
/home/nickw/Desktop/AIdeck_examples/GAP8/test_functionalities/wifi_jpeg_streamer/BUILD/GAP8_V2/GCC_RISCV/test:1c008ae0 00000100 R __clz_tab
/home/nickw/Desktop/AIdeck_examples/GAP8/test_functionalities/wifi_jpeg_streamer/BUILD/GAP8_V2/GCC_RISCV/test:1c0056b6 00000118 T pi_i2c_open	/home/nickw/gap_sdk/rtos/pulp/pulp-os/drivers/i2c/i2c-v2.c:238
/home/nickw/Desktop/AIdeck_examples/GAP8/test_functionalities/wifi_jpeg_streamer/BUILD/GAP8_V2/GCC_RISCV/test:1c008d90 0000011c r __himax_reg_init	/home/nickw/gap_sdk/rtos/pmsis/pmsis_bsp/camera/himax/himax.c:55
/home/nickw/Desktop/AIdeck_examples/GAP8/test_functionalities/wifi_jpeg_streamer/BUILD/GAP8_V2/GCC_RISCV/test:1c004de6 00000126 t __rt_cluster_mount_step	/home/nickw/gap_sdk/rtos/pulp/pulp-os/kernel/cluster.c:221
/home/nickw/Desktop/AIdeck_examples/GAP8/test_functionalities/wifi_jpeg_streamer/BUILD/GAP8_V2/GCC_RISCV/test:1c004672 00000134 T rt_periph_copy	/home/nickw/gap_sdk/rtos/pulp/pulp-os/kernel/periph-v2.c:58
/home/nickw/Desktop/AIdeck_examples/GAP8/test_functionalities/wifi_jpeg_streamer/BUILD/GAP8_V2/GCC_RISCV/test:1c005e9c 0000013e T pi_spi_receive_async	/home/nickw/gap_sdk/rtos/pulp/pulp-os/drivers/spi/spim-v2.c:584
/home/nickw/Desktop/AIdeck_examples/GAP8/test_functionalities/wifi_jpeg_streamer/BUILD/GAP8_V2/GCC_RISCV/test:1c0009dc 00000158 t exec_quantization	/home/nickw/gap_sdk/libs/gap_lib/jpeg/cluster.c:327
/home/nickw/Desktop/AIdeck_examples/GAP8/test_functionalities/wifi_jpeg_streamer/BUILD/GAP8_V2/GCC_RISCV/test:1c0030fc 00000158 T __himax_open	/home/nickw/gap_sdk/rtos/pmsis/pmsis_bsp/camera/himax/himax.c:275
/home/nickw/Desktop/AIdeck_examples/GAP8/test_functionalities/wifi_jpeg_streamer/BUILD/GAP8_V2/GCC_RISCV/test:1c005d44 00000158 T pi_spi_send_async	/home/nickw/gap_sdk/rtos/pulp/pulp-os/drivers/spi/spim-v2.c:479
/home/nickw/Desktop/AIdeck_examples/GAP8/test_functionalities/wifi_jpeg_streamer/BUILD/GAP8_V2/GCC_RISCV/test:1c0039c2 00000166 T __rt_init	/home/nickw/gap_sdk/rtos/pulp/pulp-os/kernel/init.c:74
/home/nickw/Desktop/AIdeck_examples/GAP8/test_functionalities/wifi_jpeg_streamer/BUILD/GAP8_V2/GCC_RISCV/test:1c005fda 00000192 T pi_spi_transfer_async	/home/nickw/gap_sdk/rtos/pulp/pulp-os/drivers/spi/spim-v2.c:684
/home/nickw/Desktop/AIdeck_examples/GAP8/test_functionalities/wifi_jpeg_streamer/BUILD/GAP8_V2/GCC_RISCV/test:1c000b34 0000019c t check_fetch_block	/home/nickw/gap_sdk/libs/gap_lib/jpeg/cluster.c:536
/home/nickw/Desktop/AIdeck_examples/GAP8/test_functionalities/wifi_jpeg_streamer/BUILD/GAP8_V2/GCC_RISCV/test:1c00616c 0000019c T pos_spim_send_enqueue_transfer	/home/nickw/gap_sdk/rtos/pulp/pulp-os/drivers/spi/spim-v2.c:887
/home/nickw/Desktop/AIdeck_examples/GAP8/test_functionalities/wifi_jpeg_streamer/BUILD/GAP8_V2/GCC_RISCV/test:1c0036f4 000001a4 T __nina_w10_open	/home/nickw/gap_sdk/rtos/pmsis/pmsis_bsp/transport/nina_w10/nina_w10.c:246
/home/nickw/Desktop/AIdeck_examples/GAP8/test_functionalities/wifi_jpeg_streamer/BUILD/GAP8_V2/GCC_RISCV/test:1c0000b6 000001b6 T frame_streamer_open	/home/nickw/gap_sdk/tools/gap_tools/frame_streamer/frame_streamer.c:121
/home/nickw/Desktop/AIdeck_examples/GAP8/test_functionalities/wifi_jpeg_streamer/BUILD/GAP8_V2/GCC_RISCV/test:1c00173c 000001c6 t __jpeg_encoder_process_pe_entry	/home/nickw/gap_sdk/libs/gap_lib/jpeg/cluster.c:565
/home/nickw/Desktop/AIdeck_examples/GAP8/test_functionalities/wifi_jpeg_streamer/BUILD/GAP8_V2/GCC_RISCV/test:1c00043a 000001c6 T process_du	/home/nickw/gap_sdk/libs/gap_lib/jpeg/jpeg_encoder.c:183
/home/nickw/Desktop/AIdeck_examples/GAP8/test_functionalities/wifi_jpeg_streamer/BUILD/GAP8_V2/GCC_RISCV/test:1c00635e 000001e0 T pos_spim_receive_enqueue_transfer	/home/nickw/gap_sdk/rtos/pulp/pulp-os/drivers/spi/spim-v2.c:1077
/home/nickw/Desktop/AIdeck_examples/GAP8/test_functionalities/wifi_jpeg_streamer/BUILD/GAP8_V2/GCC_RISCV/test:1c001bde 000001e8 T Dct8x8	/home/nickw/gap_sdk/libs/gap_lib/jpeg/dct.c:31
/home/nickw/Desktop/AIdeck_examples/GAP8/test_functionalities/wifi_jpeg_streamer/BUILD/GAP8_V2/GCC_RISCV/test:1c00063e 000001ec T jpeg_encoder_process_fc	/home/nickw/gap_sdk/libs/gap_lib/jpeg/jpeg_encoder.c:315
/home/nickw/Desktop/AIdeck_examples/GAP8/test_functionalities/wifi_jpeg_streamer/BUILD/GAP8_V2/GCC_RISCV/test:1c00590a 000001ec T pi_spi_open	/home/nickw/gap_sdk/rtos/pulp/pulp-os/drivers/spi/spim-v2.c:195
/home/nickw/Desktop/AIdeck_examples/GAP8/test_functionalities/wifi_jpeg_streamer/BUILD/GAP8_V2/GCC_RISCV/test:1c001902 00000204 t __jpeg_encoder_process_cl_entry	/home/nickw/gap_sdk/libs/gap_lib/jpeg/cluster.c:644
/home/nickw/Desktop/AIdeck_examples/GAP8/test_functionalities/wifi_jpeg_streamer/BUILD/GAP8_V2/GCC_RISCV/test:1c009b8c 00000218 d __rt_spim	/home/nickw/gap_sdk/rtos/pulp/pulp-os/drivers/spi/spim-v2.c:32
/home/nickw/Desktop/AIdeck_examples/GAP8/test_functionalities/wifi_jpeg_streamer/BUILD/GAP8_V2/GCC_RISCV/test:1c005af6 0000024e T __rt_spi_handle_repeat	/home/nickw/gap_sdk/rtos/pulp/pulp-os/drivers/spi/spim-v2.c:371
/home/nickw/Desktop/AIdeck_examples/GAP8/test_functionalities/wifi_jpeg_streamer/BUILD/GAP8_V2/GCC_RISCV/test:1c000d80 00000262 t AppendBytes_cl	/home/nickw/gap_sdk/libs/gap_lib/jpeg/cluster.c:107
/home/nickw/Desktop/AIdeck_examples/GAP8/test_functionalities/wifi_jpeg_streamer/BUILD/GAP8_V2/GCC_RISCV/test:00000030 00000280 D periph_channels
/home/nickw/Desktop/AIdeck_examples/GAP8/test_functionalities/wifi_jpeg_streamer/BUILD/GAP8_V2/GCC_RISCV/test:1c002c38 000002fc T main	/home/nickw/Desktop/AIdeck_examples/GAP8/test_functionalities/wifi_jpeg_streamer/test.c:183
/home/nickw/Desktop/AIdeck_examples/GAP8/test_functionalities/wifi_jpeg_streamer/BUILD/GAP8_V2/GCC_RISCV/test:1c0026d6 0000032e T __umoddi3	/home/yao/tools/riscv-gnu-toolchain/riscv-gcc/libgcc/libgcc2.c:1305
/home/nickw/Desktop/AIdeck_examples/GAP8/test_functionalities/wifi_jpeg_streamer/BUILD/GAP8_V2/GCC_RISCV/test:1c00239a 0000033c T __udivdi3	/home/yao/tools/riscv-gnu-toolchain/riscv-gcc/libgcc/libgcc2.c:1317
/home/nickw/Desktop/AIdeck_examples/GAP8/test_functionalities/wifi_jpeg_streamer/BUILD/GAP8_V2/GCC_RISCV/test:1c000fe2 000006a0 t exec_check_bitstream	/home/nickw/gap_sdk/libs/gap_lib/jpeg/cluster.c:493
/home/nickw/Desktop/AIdeck_examples/GAP8/test_functionalities/wifi_jpeg_streamer/BUILD/GAP8_V2/GCC_RISCV/test:1c009364 00000774 D JpegConstants
/home/nickw/Desktop/AIdeck_examples/GAP8/test_functionalities/wifi_jpeg_streamer/BUILD/GAP8_V2/GCC_RISCV/test:1b0003e8 00000800 D __rt_fc_stack	/home/nickw/gap_sdk/rtos/pulp/pulp-os/kernel/conf.c:38
/home/nickw/Desktop/AIdeck_examples/GAP8/test_functionalities/wifi_jpeg_streamer/BUILD/GAP8_V2/GCC_RISCV/test:1c007b00 00000ab6 T _prf	/home/nickw/gap_sdk/rtos/pulp/pulp-os/libs/io/prf.c:437
/home/nickw/Desktop/AIdeck_examples/GAP8/test_functionalities/wifi_jpeg_streamer/BUILD/GAP8_V2/GCC_RISCV/test:1c0008d6 fffffffe T jpeg_encoder_close	/home/nickw/gap_sdk/libs/gap_lib/jpeg/jpeg_encoder.c:467
